Archive member included to satisfy reference by file (symbol)

c:/progra~1/raspbe~1/picosd~1.1/gcc-ar~1/bin/../lib/gcc/arm-none-eabi/10.3.1/thumb/v6-m/nofp\libgcc.a(_dvmd_tls.o)
                              main/CMakeFiles/sendai_pico.dir/C_/Program_Files/Raspberry_Pi/Pico_SDK_v1.5.1/pico-sdk/src/rp2_common/pico_divider/divider.S.obj (__aeabi_idiv0)
c:/progra~1/raspbe~1/picosd~1.1/gcc-ar~1/bin/../lib/gcc/arm-none-eabi/10.3.1/../../../../arm-none-eabi/lib/thumb/v6-m/nofp\libg.a(lib_a-calloc.o)
                              main/CMakeFiles/sendai_pico.dir/C_/Program_Files/Raspberry_Pi/Pico_SDK_v1.5.1/pico-sdk/src/rp2_common/pico_malloc/pico_malloc.c.obj (calloc)
c:/progra~1/raspbe~1/picosd~1.1/gcc-ar~1/bin/../lib/gcc/arm-none-eabi/10.3.1/../../../../arm-none-eabi/lib/thumb/v6-m/nofp\libg.a(lib_a-callocr.o)
                              c:/progra~1/raspbe~1/picosd~1.1/gcc-ar~1/bin/../lib/gcc/arm-none-eabi/10.3.1/../../../../arm-none-eabi/lib/thumb/v6-m/nofp\libg.a(lib_a-calloc.o) (_calloc_r)
c:/progra~1/raspbe~1/picosd~1.1/gcc-ar~1/bin/../lib/gcc/arm-none-eabi/10.3.1/../../../../arm-none-eabi/lib/thumb/v6-m/nofp\libg.a(lib_a-errno.o)
                              c:/progra~1/raspbe~1/picosd~1.1/gcc-ar~1/bin/../lib/gcc/arm-none-eabi/10.3.1/../../../../arm-none-eabi/lib/thumb/v6-m/nofp\libg.a(lib_a-callocr.o) (__errno)
c:/progra~1/raspbe~1/picosd~1.1/gcc-ar~1/bin/../lib/gcc/arm-none-eabi/10.3.1/../../../../arm-none-eabi/lib/thumb/v6-m/nofp\libg.a(lib_a-impure.o)
                              c:/progra~1/raspbe~1/picosd~1.1/gcc-ar~1/bin/../lib/gcc/arm-none-eabi/10.3.1/../../../../arm-none-eabi/lib/thumb/v6-m/nofp\libg.a(lib_a-calloc.o) (_impure_ptr)
c:/progra~1/raspbe~1/picosd~1.1/gcc-ar~1/bin/../lib/gcc/arm-none-eabi/10.3.1/../../../../arm-none-eabi/lib/thumb/v6-m/nofp\libg.a(lib_a-init.o)
                              c:/progra~1/raspbe~1/picosd~1.1/gcc-ar~1/bin/../lib/gcc/arm-none-eabi/10.3.1/../../../../arm-none-eabi/lib/thumb/v6-m/nofp/crt0.o (__libc_init_array)
c:/progra~1/raspbe~1/picosd~1.1/gcc-ar~1/bin/../lib/gcc/arm-none-eabi/10.3.1/../../../../arm-none-eabi/lib/thumb/v6-m/nofp\libg.a(lib_a-malloc.o)
                              main/CMakeFiles/sendai_pico.dir/C_/Program_Files/Raspberry_Pi/Pico_SDK_v1.5.1/pico-sdk/src/rp2_common/pico_malloc/pico_malloc.c.obj (malloc)
c:/progra~1/raspbe~1/picosd~1.1/gcc-ar~1/bin/../lib/gcc/arm-none-eabi/10.3.1/../../../../arm-none-eabi/lib/thumb/v6-m/nofp\libg.a(lib_a-mallocr.o)
                              c:/progra~1/raspbe~1/picosd~1.1/gcc-ar~1/bin/../lib/gcc/arm-none-eabi/10.3.1/../../../../arm-none-eabi/lib/thumb/v6-m/nofp\libg.a(lib_a-callocr.o) (_malloc_r)
c:/progra~1/raspbe~1/picosd~1.1/gcc-ar~1/bin/../lib/gcc/arm-none-eabi/10.3.1/../../../../arm-none-eabi/lib/thumb/v6-m/nofp\libg.a(lib_a-mlock.o)
                              c:/progra~1/raspbe~1/picosd~1.1/gcc-ar~1/bin/../lib/gcc/arm-none-eabi/10.3.1/../../../../arm-none-eabi/lib/thumb/v6-m/nofp\libg.a(lib_a-mallocr.o) (__malloc_lock)
c:/progra~1/raspbe~1/picosd~1.1/gcc-ar~1/bin/../lib/gcc/arm-none-eabi/10.3.1/../../../../arm-none-eabi/lib/thumb/v6-m/nofp\libg.a(lib_a-realloc.o)
                              main/CMakeFiles/sendai_pico.dir/C_/Program_Files/Raspberry_Pi/Pico_SDK_v1.5.1/pico-sdk/src/rp2_common/pico_malloc/pico_malloc.c.obj (realloc)
c:/progra~1/raspbe~1/picosd~1.1/gcc-ar~1/bin/../lib/gcc/arm-none-eabi/10.3.1/../../../../arm-none-eabi/lib/thumb/v6-m/nofp\libg.a(lib_a-reallocr.o)
                              c:/progra~1/raspbe~1/picosd~1.1/gcc-ar~1/bin/../lib/gcc/arm-none-eabi/10.3.1/../../../../arm-none-eabi/lib/thumb/v6-m/nofp\libg.a(lib_a-realloc.o) (_realloc_r)
c:/progra~1/raspbe~1/picosd~1.1/gcc-ar~1/bin/../lib/gcc/arm-none-eabi/10.3.1/../../../../arm-none-eabi/lib/thumb/v6-m/nofp\libg.a(lib_a-sbrkr.o)
                              c:/progra~1/raspbe~1/picosd~1.1/gcc-ar~1/bin/../lib/gcc/arm-none-eabi/10.3.1/../../../../arm-none-eabi/lib/thumb/v6-m/nofp\libg.a(lib_a-mallocr.o) (_sbrk_r)
c:/progra~1/raspbe~1/picosd~1.1/gcc-ar~1/bin/../lib/gcc/arm-none-eabi/10.3.1/../../../../arm-none-eabi/lib/thumb/v6-m/nofp\libg.a(lib_a-strlen-stub.o)
                              main/CMakeFiles/sendai_pico.dir/C_/Program_Files/Raspberry_Pi/Pico_SDK_v1.5.1/pico-sdk/src/rp2_common/pico_stdio/stdio.c.obj (strlen)
c:/progra~1/raspbe~1/picosd~1.1/gcc-ar~1/bin/../lib/gcc/arm-none-eabi/10.3.1/../../../../arm-none-eabi/lib/thumb/v6-m/nofp\libg.a(lib_a-freer.o)
                              c:/progra~1/raspbe~1/picosd~1.1/gcc-ar~1/bin/../lib/gcc/arm-none-eabi/10.3.1/../../../../arm-none-eabi/lib/thumb/v6-m/nofp\libg.a(lib_a-malloc.o) (_free_r)
c:/progra~1/raspbe~1/picosd~1.1/gcc-ar~1/bin/../lib/gcc/arm-none-eabi/10.3.1/../../../../arm-none-eabi/lib/thumb/v6-m/nofp\libg.a(lib_a-lock.o)
                              c:/progra~1/raspbe~1/picosd~1.1/gcc-ar~1/bin/../lib/gcc/arm-none-eabi/10.3.1/../../../../arm-none-eabi/lib/thumb/v6-m/nofp\libg.a(lib_a-mlock.o) (__retarget_lock_acquire_recursive)
[...]
Memory Configuration

Name             Origin             Length             Attributes
FLASH            0x10000000         0x00200000         xr
RAM              0x20000000         0x00040000         xrw
SCRATCH_X        0x20040000         0x00001000         xrw
SCRATCH_Y        0x20041000         0x00001000         xrw
*default*        0x00000000         0xffffffff

Linker script and memory map

LOAD c:/progra~1/raspbe~1/picosd~1.1/gcc-ar~1/bin/../lib/gcc/arm-none-eabi/10.3.1/thumb/v6-m/nofp/crti.o
LOAD c:/progra~1/raspbe~1/picosd~1.1/gcc-ar~1/bin/../lib/gcc/arm-none-eabi/10.3.1/thumb/v6-m/nofp/crtbegin.o
LOAD c:/progra~1/raspbe~1/picosd~1.1/gcc-ar~1/bin/../lib/gcc/arm-none-eabi/10.3.1/../../../../arm-none-eabi/lib/thumb/v6-m/nofp/crt0.o

.flash_begin    0x10000000        0x0
                0x10000000                __flash_binary_start = .

.boot2          0x10000000      0x100
                0x10000000                __boot2_start__ = .
 *(.boot2)
 .boot2         0x10000000      0x100 C:\Users\touma\AppData\Local\Temp\ccO5ue6G.o
                0x10000100                __boot2_end__ = .
                0x00000001                ASSERT (((__boot2_end__ - __boot2_start__) == 0x100), ERROR: Pico second stage bootloader must be 256 bytes in size)

.text           0x10000100     0x7178
                0x10000100                __logical_binary_start = .
 *(.vectors)
 .vectors       0x10000100       0xd4 main/CMakeFiles/sendai_pico.dir/C_/Program_Files/Raspberry_Pi/Pico_SDK_v1.5.1/pico-sdk/src/rp2_common/pico_standard_link/crt0.S.obj
                0x10000100                __VECTOR_TABLE
                0x10000100                __vectors
                0x100001c0                isr_invalid
                0x100001c0                __default_isrs_start
                0x100001c2                isr_nmi
                0x100001c4                isr_hardfault
                0x100001c6                isr_svcall
                0x100001c8                isr_pendsv
                0x100001ca                isr_systick
                0x100001cc                isr_irq23
                0x100001cc                isr_irq18
                0x100001cc                isr_irq11
                0x100001cc                isr_irq28
                0x100001cc                isr_irq19
                0x100001cc                isr_irq0
                0x100001cc                isr_irq6
                0x100001cc                isr_irq5
                0x100001cc                isr_irq12
                0x100001cc                isr_irq22
                0x100001cc                isr_irq31
                0x100001cc                isr_irq17
                0x100001cc                isr_irq27
                0x100001cc                isr_irq30
                0x100001cc                isr_irq2
                0x100001cc                isr_irq10
                0x100001cc                isr_irq8
                0x100001cc                isr_irq24
                0x100001cc                isr_irq1
                0x100001cc                isr_irq7
                0x100001cc                isr_irq21
                0x100001cc                isr_irq20
                0x100001cc                isr_irq15
                0x100001cc                isr_irq25
                0x100001cc                isr_irq13
                0x100001cc                __unhandled_user_irq
                0x100001cc                isr_irq4
                0x100001cc                isr_irq16
                0x100001cc                isr_irq29
                0x100001cc                isr_irq26
                0x100001cc                __default_isrs_end
                0x100001cc                isr_irq3
                0x100001cc                isr_irq14
                0x100001cc                isr_irq9
                0x100001d2                unhandled_user_irq_num_in_r0
 *(.binary_info_header)
 .binary_info_header
                0x100001d4       0x14 main/CMakeFiles/sendai_pico.dir/C_/Program_Files/Raspberry_Pi/Pico_SDK_v1.5.1/pico-sdk/src/rp2_common/pico_standard_link/crt0.S.obj
                0x100001e8                __binary_info_header_end = .
 *(.reset)
 .reset         0x100001e8       0xa0 main/CMakeFiles/sendai_pico.dir/C_/Program_Files/Raspberry_Pi/Pico_SDK_v1.5.1/pico-sdk/src/rp2_common/pico_standard_link/crt0.S.obj
                0x100001e8                _entry_point
 .reset         0x10000288       0x30 main/CMakeFiles/sendai_pico.dir/C_/Program_Files/Raspberry_Pi/Pico_SDK_v1.5.1/pico-sdk/src/rp2_common/pico_standard_link/binary_info.c.obj
 *(.init)
 .init          0x100002b8        0x4 c:/progra~1/raspbe~1/picosd~1.1/gcc-ar~1/bin/../lib/gcc/arm-none-eabi/10.3.1/thumb/v6-m/nofp/crti.o
                0x100002b8                _init
 *(EXCLUDE_FILE(*libm.a: *libc.a:*lib_a-mem*.o *libgcc.a:) .text*)
 .text          0x100002bc       0x48 c:/progra~1/raspbe~1/picosd~1.1/gcc-ar~1/bin/../lib/gcc/arm-none-eabi/10.3.1/thumb/v6-m/nofp/crtbegin.o
 .text._Z15set_pixel_colorjhhh
                0x10000304       0x2c main/CMakeFiles/sendai_pico.dir/main.cpp.obj
                0x10000304                set_pixel_color(unsigned int, unsigned char, unsigned char, unsigned char)
 .text.main     0x10000330      0x148 main/CMakeFiles/sendai_pico.dir/main.cpp.obj
                0x10000330                main
 .text.gpio_set_function
                0x10000478       0x30 main/CMakeFiles/sendai_pico.dir/C_/Program_Files/Raspberry_Pi/Pico_SDK_v1.5.1/pico-sdk/src/rp2_common/hardware_gpio/gpio.c.obj
                0x10000478                gpio_set_function
 .text.running_on_fpga
                0x100004a8       0x14 main/CMakeFiles/sendai_pico.dir/C_/Program_Files/Raspberry_Pi/Pico_SDK_v1.5.1/pico-sdk/src/rp2_common/pico_platform/platform.c.obj
                0x100004a8                running_on_fpga
 .text.hw_claim_lock
                0x100004bc       0x18 main/CMakeFiles/sendai_pico.dir/C_/Program_Files/Raspberry_Pi/Pico_SDK_v1.5.1/pico-sdk/src/rp2_common/hardware_claim/claim.c.obj
                0x100004bc                hw_claim_lock
 .text.hw_claim_unlock
                0x100004d4       0x14 main/CMakeFiles/sendai_pico.dir/C_/Program_Files/Raspberry_Pi/Pico_SDK_v1.5.1/pico-sdk/src/rp2_common/hardware_claim/claim.c.obj
                0x100004d4                hw_claim_unlock
 .text.hw_claim_or_assert
                0x100004e8       0x32 main/CMakeFiles/sendai_pico.dir/C_/Program_Files/Raspberry_Pi/Pico_SDK_v1.5.1/pico-sdk/src/rp2_common/hardware_claim/claim.c.obj
                0x100004e8                hw_claim_or_assert
 .text.hw_claim_unused_from_range
                0x1000051a       0x50 main/CMakeFiles/sendai_pico.dir/C_/Program_Files/Raspberry_Pi/Pico_SDK_v1.5.1/pico-sdk/src/rp2_common/hardware_claim/claim.c.obj
                0x1000051a                hw_claim_unused_from_range
 *fill*         0x1000056a        0x2 
 .text.spin_locks_reset
                0x1000056c       0x20 main/CMakeFiles/sendai_pico.dir/C_/Program_Files/Raspberry_Pi/Pico_SDK_v1.5.1/pico-sdk/src/rp2_common/hardware_sync/sync.c.obj
                0x1000056c                spin_locks_reset
 .text.next_striped_spin_lock_num
                0x1000058c       0x1c main/CMakeFiles/sendai_pico.dir/C_/Program_Files/Raspberry_Pi/Pico_SDK_v1.5.1/pico-sdk/src/rp2_common/hardware_sync/sync.c.obj
                0x1000058c                next_striped_spin_lock_num
 .text.spin_lock_claim_unused
                0x100005a8       0x20 main/CMakeFiles/sendai_pico.dir/C_/Program_Files/Raspberry_Pi/Pico_SDK_v1.5.1/pico-sdk/src/rp2_common/hardware_sync/sync.c.obj
                0x100005a8                spin_lock_claim_unused
 .text.set_raw_irq_handler_and_unlock
                0x100005c8       0x28 main/CMakeFiles/sendai_pico.dir/C_/Program_Files/Raspberry_Pi/Pico_SDK_v1.5.1/pico-sdk/src/rp2_common/hardware_irq/irq.c.obj
 .text.make_branch
                0x100005f0       0x48 main/CMakeFiles/sendai_pico.dir/C_/Program_Files/Raspberry_Pi/Pico_SDK_v1.5.1/pico-sdk/src/rp2_common/hardware_irq/irq.c.obj
 .text.insert_branch_and_link
                0x10000638       0x40 main/CMakeFiles/sendai_pico.dir/C_/Program_Files/Raspberry_Pi/Pico_SDK_v1.5.1/pico-sdk/src/rp2_common/hardware_irq/irq.c.obj
 .text.irq_is_enabled
                0x10000678       0x18 main/CMakeFiles/sendai_pico.dir/C_/Program_Files/Raspberry_Pi/Pico_SDK_v1.5.1/pico-sdk/src/rp2_common/hardware_irq/irq.c.obj
                0x10000678                irq_is_enabled
 .text.irq_set_mask_enabled
                0x10000690       0x20 main/CMakeFiles/sendai_pico.dir/C_/Program_Files/Raspberry_Pi/Pico_SDK_v1.5.1/pico-sdk/src/rp2_common/hardware_irq/irq.c.obj
                0x10000690                irq_set_mask_enabled
 .text.irq_set_enabled
                0x100006b0        0xe main/CMakeFiles/sendai_pico.dir/C_/Program_Files/Raspberry_Pi/Pico_SDK_v1.5.1/pico-sdk/src/rp2_common/hardware_irq/irq.c.obj
                0x100006b0                irq_set_enabled
 *fill*         0x100006be        0x2 
 .text.irq_set_pending
                0x100006c0       0x10 main/CMakeFiles/sendai_pico.dir/C_/Program_Files/Raspberry_Pi/Pico_SDK_v1.5.1/pico-sdk/src/rp2_common/hardware_irq/irq.c.obj
                0x100006c0                irq_set_pending
 .text.irq_get_vtable_handler
                0x100006d0       0x10 main/CMakeFiles/sendai_pico.dir/C_/Program_Files/Raspberry_Pi/Pico_SDK_v1.5.1/pico-sdk/src/rp2_common/hardware_irq/irq.c.obj
                0x100006d0                irq_get_vtable_handler
 .text.irq_has_shared_handler
                0x100006e0       0x24 main/CMakeFiles/sendai_pico.dir/C_/Program_Files/Raspberry_Pi/Pico_SDK_v1.5.1/pico-sdk/src/rp2_common/hardware_irq/irq.c.obj
                0x100006e0                irq_has_shared_handler
 .text.irq_set_exclusive_handler
                0x10000704       0x54 main/CMakeFiles/sendai_pico.dir/C_/Program_Files/Raspberry_Pi/Pico_SDK_v1.5.1/pico-sdk/src/rp2_common/hardware_irq/irq.c.obj
                0x10000704                irq_set_exclusive_handler
 .text.irq_add_shared_handler
                0x10000758      0x234 main/CMakeFiles/sendai_pico.dir/C_/Program_Files/Raspberry_Pi/Pico_SDK_v1.5.1/pico-sdk/src/rp2_common/hardware_irq/irq.c.obj
                0x10000758                irq_add_shared_handler
 .text.irq_remove_handler
                0x1000098c      0x1ac main/CMakeFiles/sendai_pico.dir/C_/Program_Files/Raspberry_Pi/Pico_SDK_v1.5.1/pico-sdk/src/rp2_common/hardware_irq/irq.c.obj
                0x1000098c                irq_remove_handler
 .text.irq_add_tail_to_free_list
                0x10000b38       0xf0 main/CMakeFiles/sendai_pico.dir/C_/Program_Files/Raspberry_Pi/Pico_SDK_v1.5.1/pico-sdk/src/rp2_common/hardware_irq/irq.c.obj
                0x10000b38                irq_add_tail_to_free_list
 .text.irq_init_priorities
                0x10000c28       0x1c main/CMakeFiles/sendai_pico.dir/C_/Program_Files/Raspberry_Pi/Pico_SDK_v1.5.1/pico-sdk/src/rp2_common/hardware_irq/irq.c.obj
                0x10000c28                irq_init_priorities
 .text.user_irq_claim_unused
                0x10000c44       0x28 main/CMakeFiles/sendai_pico.dir/C_/Program_Files/Raspberry_Pi/Pico_SDK_v1.5.1/pico-sdk/src/rp2_common/hardware_irq/irq.c.obj
                0x10000c44                user_irq_claim_unused
 .text.lock_init
                0x10000c6c       0x10 main/CMakeFiles/sendai_pico.dir/C_/Program_Files/Raspberry_Pi/Pico_SDK_v1.5.1/pico-sdk/src/common/pico_sync/lock_core.c.obj
                0x10000c6c                lock_init
 .text.mutex_init
                0x10000c7c       0x1a main/CMakeFiles/sendai_pico.dir/C_/Program_Files/Raspberry_Pi/Pico_SDK_v1.5.1/pico-sdk/src/common/pico_sync/mutex.c.obj
                0x10000c7c                mutex_init
 .text.recursive_mutex_init
                0x10000c96       0x1e main/CMakeFiles/sendai_pico.dir/C_/Program_Files/Raspberry_Pi/Pico_SDK_v1.5.1/pico-sdk/src/common/pico_sync/mutex.c.obj
                0x10000c96                recursive_mutex_init
 .text.critical_section_init_with_lock_num
                0x10000cb4       0x14 main/CMakeFiles/sendai_pico.dir/C_/Program_Files/Raspberry_Pi/Pico_SDK_v1.5.1/pico-sdk/src/common/pico_sync/critical_section.c.obj
                0x10000cb4                critical_section_init_with_lock_num
 .text.critical_section_init
                0x10000cc8       0x14 main/CMakeFiles/sendai_pico.dir/C_/Program_Files/Raspberry_Pi/Pico_SDK_v1.5.1/pico-sdk/src/common/pico_sync/critical_section.c.obj
                0x10000cc8                critical_section_init
 .text.alarm_pool_post_alloc_init
                0x10000cdc       0x40 main/CMakeFiles/sendai_pico.dir/C_/Program_Files/Raspberry_Pi/Pico_SDK_v1.5.1/pico-sdk/src/common/pico_time/time.c.obj
 .text.sleep_until_callback
                0x10000d1c       0x30 main/CMakeFiles/sendai_pico.dir/C_/Program_Files/Raspberry_Pi/Pico_SDK_v1.5.1/pico-sdk/src/common/pico_time/time.c.obj
 .text.timer_pool_entry_comparator
                0x10000d4c       0x7c main/CMakeFiles/sendai_pico.dir/C_/Program_Files/Raspberry_Pi/Pico_SDK_v1.5.1/pico-sdk/src/common/pico_time/time.c.obj
                0x10000d4c                timer_pool_entry_comparator
 .text.ph_add_child_node
                0x10000dc8       0xa4 main/CMakeFiles/sendai_pico.dir/C_/Program_Files/Raspberry_Pi/Pico_SDK_v1.5.1/pico-sdk/src/common/pico_time/time.c.obj
 .text.ph_merge_nodes
                0x10000e6c       0x3e main/CMakeFiles/sendai_pico.dir/C_/Program_Files/Raspberry_Pi/Pico_SDK_v1.5.1/pico-sdk/src/common/pico_time/time.c.obj
 *fill*         0x10000eaa        0x2 
 .text.add_alarm_under_lock
                0x10000eac      0x174 main/CMakeFiles/sendai_pico.dir/C_/Program_Files/Raspberry_Pi/Pico_SDK_v1.5.1/pico-sdk/src/common/pico_time/time.c.obj
 .text.alarm_pool_alarm_callback
                0x10001020      0x33c main/CMakeFiles/sendai_pico.dir/C_/Program_Files/Raspberry_Pi/Pico_SDK_v1.5.1/pico-sdk/src/common/pico_time/time.c.obj
 .text.alarm_pool_init_default
                0x1000135c       0x40 main/CMakeFiles/sendai_pico.dir/C_/Program_Files/Raspberry_Pi/Pico_SDK_v1.5.1/pico-sdk/src/common/pico_time/time.c.obj
                0x1000135c                alarm_pool_init_default
 .text.alarm_pool_get_default
                0x1000139c       0x2c main/CMakeFiles/sendai_pico.dir/C_/Program_Files/Raspberry_Pi/Pico_SDK_v1.5.1/pico-sdk/src/common/pico_time/time.c.obj
                0x1000139c                alarm_pool_get_default
 .text.alarm_pool_add_alarm_at
                0x100013c8      0x168 main/CMakeFiles/sendai_pico.dir/C_/Program_Files/Raspberry_Pi/Pico_SDK_v1.5.1/pico-sdk/src/common/pico_time/time.c.obj
                0x100013c8                alarm_pool_add_alarm_at
 .text.alarm_pool_cancel_alarm
                0x10001530       0xf8 main/CMakeFiles/sendai_pico.dir/C_/Program_Files/Raspberry_Pi/Pico_SDK_v1.5.1/pico-sdk/src/common/pico_time/time.c.obj
                0x10001530                alarm_pool_cancel_alarm
 .text.alarm_pool_core_num
                0x10001628        0x4 main/CMakeFiles/sendai_pico.dir/C_/Program_Files/Raspberry_Pi/Pico_SDK_v1.5.1/pico-sdk/src/common/pico_time/time.c.obj
                0x10001628                alarm_pool_core_num
 .text.sleep_until
                0x1000162c       0xfc main/CMakeFiles/sendai_pico.dir/C_/Program_Files/Raspberry_Pi/Pico_SDK_v1.5.1/pico-sdk/src/common/pico_time/time.c.obj
                0x1000162c                sleep_until
 .text.sleep_us
                0x10001728       0x58 main/CMakeFiles/sendai_pico.dir/C_/Program_Files/Raspberry_Pi/Pico_SDK_v1.5.1/pico-sdk/src/common/pico_time/time.c.obj
                0x10001728                sleep_us
 .text.sleep_ms
                0x10001780       0x14 main/CMakeFiles/sendai_pico.dir/C_/Program_Files/Raspberry_Pi/Pico_SDK_v1.5.1/pico-sdk/src/common/pico_time/time.c.obj
                0x10001780                sleep_ms
 .text.best_effort_wfe_or_timeout
                0x10001794       0xac main/CMakeFiles/sendai_pico.dir/C_/Program_Files/Raspberry_Pi/Pico_SDK_v1.5.1/pico-sdk/src/common/pico_time/time.c.obj
                0x10001794                best_effort_wfe_or_timeout
 .text.hardware_alarm_irq_handler
                0x10001840       0x90 main/CMakeFiles/sendai_pico.dir/C_/Program_Files/Raspberry_Pi/Pico_SDK_v1.5.1/pico-sdk/src/rp2_common/hardware_timer/timer.c.obj
 .text.hardware_alarm_claim
                0x100018d0       0x18 main/CMakeFiles/sendai_pico.dir/C_/Program_Files/Raspberry_Pi/Pico_SDK_v1.5.1/pico-sdk/src/rp2_common/hardware_timer/timer.c.obj
                0x100018d0                hardware_alarm_claim
 .text.time_us_64
                0x100018e8       0x18 main/CMakeFiles/sendai_pico.dir/C_/Program_Files/Raspberry_Pi/Pico_SDK_v1.5.1/pico-sdk/src/rp2_common/hardware_timer/timer.c.obj
                0x100018e8                time_us_64
 .text.busy_wait_until
                0x10001900       0x28 main/CMakeFiles/sendai_pico.dir/C_/Program_Files/Raspberry_Pi/Pico_SDK_v1.5.1/pico-sdk/src/rp2_common/hardware_timer/timer.c.obj
                0x10001900                busy_wait_until
 .text.hardware_alarm_set_callback
                0x10001928       0x90 main/CMakeFiles/sendai_pico.dir/C_/Program_Files/Raspberry_Pi/Pico_SDK_v1.5.1/pico-sdk/src/rp2_common/hardware_timer/timer.c.obj
                0x10001928                hardware_alarm_set_callback
 .text.hardware_alarm_set_target
                0x100019b8       0xe8 main/CMakeFiles/sendai_pico.dir/C_/Program_Files/Raspberry_Pi/Pico_SDK_v1.5.1/pico-sdk/src/rp2_common/hardware_timer/timer.c.obj
                0x100019b8                hardware_alarm_set_target
 .text.hardware_alarm_cancel
                0x10001aa0       0x40 main/CMakeFiles/sendai_pico.dir/C_/Program_Files/Raspberry_Pi/Pico_SDK_v1.5.1/pico-sdk/src/rp2_common/hardware_timer/timer.c.obj
                0x10001aa0                hardware_alarm_cancel
 .text.ph_add_child_node
                0x10001ae0       0xa4 main/CMakeFiles/sendai_pico.dir/C_/Program_Files/Raspberry_Pi/Pico_SDK_v1.5.1/pico-sdk/src/common/pico_util/pheap.c.obj
 .text.ph_merge_nodes
                0x10001b84       0x3e main/CMakeFiles/sendai_pico.dir/C_/Program_Files/Raspberry_Pi/Pico_SDK_v1.5.1/pico-sdk/src/common/pico_util/pheap.c.obj
 *fill*         0x10001bc2        0x2 
 .text.ph_clear
                0x10001bc4       0x70 main/CMakeFiles/sendai_pico.dir/C_/Program_Files/Raspberry_Pi/Pico_SDK_v1.5.1/pico-sdk/src/common/pico_util/pheap.c.obj
                0x10001bc4                ph_clear
 .text.ph_post_alloc_init
                0x10001c34        0xe main/CMakeFiles/sendai_pico.dir/C_/Program_Files/Raspberry_Pi/Pico_SDK_v1.5.1/pico-sdk/src/common/pico_util/pheap.c.obj
                0x10001c34                ph_post_alloc_init
 *fill*         0x10001c42        0x2 
 .text.ph_merge_two_pass
                0x10001c44       0xa8 main/CMakeFiles/sendai_pico.dir/C_/Program_Files/Raspberry_Pi/Pico_SDK_v1.5.1/pico-sdk/src/common/pico_util/pheap.c.obj
                0x10001c44                ph_merge_two_pass
 .text.ph_remove_any_head
                0x10001cec      0x128 main/CMakeFiles/sendai_pico.dir/C_/Program_Files/Raspberry_Pi/Pico_SDK_v1.5.1/pico-sdk/src/common/pico_util/pheap.c.obj
 .text.ph_remove_head
                0x10001e14       0x14 main/CMakeFiles/sendai_pico.dir/C_/Program_Files/Raspberry_Pi/Pico_SDK_v1.5.1/pico-sdk/src/common/pico_util/pheap.c.obj
                0x10001e14                ph_remove_head
 .text.ph_remove_and_free_node
                0x10001e28       0xf8 main/CMakeFiles/sendai_pico.dir/C_/Program_Files/Raspberry_Pi/Pico_SDK_v1.5.1/pico-sdk/src/common/pico_util/pheap.c.obj
                0x10001e28                ph_remove_and_free_node
 .text.clock_configure
                0x10001f20      0x108 main/CMakeFiles/sendai_pico.dir/C_/Program_Files/Raspberry_Pi/Pico_SDK_v1.5.1/pico-sdk/src/rp2_common/hardware_clocks/clocks.c.obj
                0x10001f20                clock_configure
 .text.clocks_init
                0x10002028      0x100 main/CMakeFiles/sendai_pico.dir/C_/Program_Files/Raspberry_Pi/Pico_SDK_v1.5.1/pico-sdk/src/rp2_common/hardware_clocks/clocks.c.obj
                0x10002028                clocks_init
 .text.clock_get_hz
                0x10002128        0xc main/CMakeFiles/sendai_pico.dir/C_/Program_Files/Raspberry_Pi/Pico_SDK_v1.5.1/pico-sdk/src/rp2_common/hardware_clocks/clocks.c.obj
                0x10002128                clock_get_hz
 .text.pll_init
                0x10002134      0x120 main/CMakeFiles/sendai_pico.dir/C_/Program_Files/Raspberry_Pi/Pico_SDK_v1.5.1/pico-sdk/src/rp2_common/hardware_pll/pll.c.obj
                0x10002134                pll_init
 .text.watchdog_start_tick
                0x10002254       0x10 main/CMakeFiles/sendai_pico.dir/C_/Program_Files/Raspberry_Pi/Pico_SDK_v1.5.1/pico-sdk/src/rp2_common/hardware_watchdog/watchdog.c.obj
                0x10002254                watchdog_start_tick
 .text.watchdog_update
                0x10002264       0x14 main/CMakeFiles/sendai_pico.dir/C_/Program_Files/Raspberry_Pi/Pico_SDK_v1.5.1/pico-sdk/src/rp2_common/hardware_watchdog/watchdog.c.obj
                0x10002264                watchdog_update
 .text._watchdog_enable
                0x10002278       0x78 main/CMakeFiles/sendai_pico.dir/C_/Program_Files/Raspberry_Pi/Pico_SDK_v1.5.1/pico-sdk/src/rp2_common/hardware_watchdog/watchdog.c.obj
                0x10002278                _watchdog_enable
 .text.watchdog_reboot
                0x100022f0       0x48 main/CMakeFiles/sendai_pico.dir/C_/Program_Files/Raspberry_Pi/Pico_SDK_v1.5.1/pico-sdk/src/rp2_common/hardware_watchdog/watchdog.c.obj
                0x100022f0                watchdog_reboot
 .text.xosc_init
                0x10002338       0x28 main/CMakeFiles/sendai_pico.dir/C_/Program_Files/Raspberry_Pi/Pico_SDK_v1.5.1/pico-sdk/src/rp2_common/hardware_xosc/xosc.c.obj
                0x10002338                xosc_init
 .text._exit    0x10002360        0x4 main/CMakeFiles/sendai_pico.dir/C_/Program_Files/Raspberry_Pi/Pico_SDK_v1.5.1/pico-sdk/src/rp2_common/pico_runtime/runtime.c.obj
                0x10002360                _exit
 .text.exit     0x10002364        0x6 main/CMakeFiles/sendai_pico.dir/C_/Program_Files/Raspberry_Pi/Pico_SDK_v1.5.1/pico-sdk/src/rp2_common/pico_runtime/runtime.c.obj
                0x10002364                exit
 *fill*         0x1000236a        0x2 
 .text.__assert_func
                0x1000236c       0x3c main/CMakeFiles/sendai_pico.dir/C_/Program_Files/Raspberry_Pi/Pico_SDK_v1.5.1/pico-sdk/src/rp2_common/pico_runtime/runtime.c.obj
                0x1000236c                __assert_func
 .text.runtime_init
                0x100023a8       0xf8 main/CMakeFiles/sendai_pico.dir/C_/Program_Files/Raspberry_Pi/Pico_SDK_v1.5.1/pico-sdk/src/rp2_common/pico_runtime/runtime.c.obj
                0x100023a8                runtime_init
 .text.panic    0x100024a0       0x30 main/CMakeFiles/sendai_pico.dir/C_/Program_Files/Raspberry_Pi/Pico_SDK_v1.5.1/pico-sdk/src/rp2_common/pico_runtime/runtime.c.obj
                0x100024a0                panic
 .text._out_null
                0x100024d0        0x2 main/CMakeFiles/sendai_pico.dir/C_/Program_Files/Raspberry_Pi/Pico_SDK_v1.5.1/pico-sdk/src/rp2_common/pico_printf/printf.c.obj
 .text._out_fct
                0x100024d2        0xe main/CMakeFiles/sendai_pico.dir/C_/Program_Files/Raspberry_Pi/Pico_SDK_v1.5.1/pico-sdk/src/rp2_common/pico_printf/printf.c.obj
 .text._atoi    0x100024e0       0x24 main/CMakeFiles/sendai_pico.dir/C_/Program_Files/Raspberry_Pi/Pico_SDK_v1.5.1/pico-sdk/src/rp2_common/pico_printf/printf.c.obj
 .text._out_rev
                0x10002504       0xae main/CMakeFiles/sendai_pico.dir/C_/Program_Files/Raspberry_Pi/Pico_SDK_v1.5.1/pico-sdk/src/rp2_common/pico_printf/printf.c.obj
 .text._ntoa_format
                0x100025b2      0x112 main/CMakeFiles/sendai_pico.dir/C_/Program_Files/Raspberry_Pi/Pico_SDK_v1.5.1/pico-sdk/src/rp2_common/pico_printf/printf.c.obj
 .text._ntoa_long
                0x100026c4       0xbc main/CMakeFiles/sendai_pico.dir/C_/Program_Files/Raspberry_Pi/Pico_SDK_v1.5.1/pico-sdk/src/rp2_common/pico_printf/printf.c.obj
 .text._ntoa_long_long
                0x10002780       0xe2 main/CMakeFiles/sendai_pico.dir/C_/Program_Files/Raspberry_Pi/Pico_SDK_v1.5.1/pico-sdk/src/rp2_common/pico_printf/printf.c.obj
 *fill*         0x10002862        0x2 
 .text._etoa    0x10002864      0x414 main/CMakeFiles/sendai_pico.dir/C_/Program_Files/Raspberry_Pi/Pico_SDK_v1.5.1/pico-sdk/src/rp2_common/pico_printf/printf.c.obj
 .text._ftoa    0x10002c78      0x354 main/CMakeFiles/sendai_pico.dir/C_/Program_Files/Raspberry_Pi/Pico_SDK_v1.5.1/pico-sdk/src/rp2_common/pico_printf/printf.c.obj
 .text._vsnprintf
                0x10002fcc      0x624 main/CMakeFiles/sendai_pico.dir/C_/Program_Files/Raspberry_Pi/Pico_SDK_v1.5.1/pico-sdk/src/rp2_common/pico_printf/printf.c.obj
 .text.vfctprintf
                0x100035f0       0x20 main/CMakeFiles/sendai_pico.dir/C_/Program_Files/Raspberry_Pi/Pico_SDK_v1.5.1/pico-sdk/src/rp2_common/pico_printf/printf.c.obj
                0x100035f0                vfctprintf
 .text          0x10003610       0x10 main/CMakeFiles/sendai_pico.dir/C_/Program_Files/Raspberry_Pi/Pico_SDK_v1.5.1/pico-sdk/src/rp2_common/pico_bit_ops/bit_ops_aeabi.S.obj
 .text.rom_func_lookup
                0x10003620       0x10 main/CMakeFiles/sendai_pico.dir/C_/Program_Files/Raspberry_Pi/Pico_SDK_v1.5.1/pico-sdk/src/rp2_common/pico_bootrom/bootrom.c.obj
                0x10003620                rom_func_lookup
 .text.rom_data_lookup
                0x10003630       0x10 main/CMakeFiles/sendai_pico.dir/C_/Program_Files/Raspberry_Pi/Pico_SDK_v1.5.1/pico-sdk/src/rp2_common/pico_bootrom/bootrom.c.obj
                0x10003630                rom_data_lookup
 .text.rom_funcs_lookup
                0x10003640       0x36 main/CMakeFiles/sendai_pico.dir/C_/Program_Files/Raspberry_Pi/Pico_SDK_v1.5.1/pico-sdk/src/rp2_common/pico_bootrom/bootrom.c.obj
                0x10003640                rom_funcs_lookup
 *fill*         0x10003676        0x2 
 .text.__wrap___aeabi_idiv
                0x10003678       0x50 main/CMakeFiles/sendai_pico.dir/C_/Program_Files/Raspberry_Pi/Pico_SDK_v1.5.1/pico-sdk/src/rp2_common/pico_divider/divider.S.obj
                0x10003678                __wrap___aeabi_idivmod
                0x10003678                divmod_s32s32
                0x10003678                div_s32s32
                0x10003678                __wrap___aeabi_idiv
                0x10003680                divmod_s32s32_unsafe
                0x100036ac                divmod_s32s32_savestate
 .text.__wrap___aeabi_uidiv
                0x100036c8       0x4c main/CMakeFiles/sendai_pico.dir/C_/Program_Files/Raspberry_Pi/Pico_SDK_v1.5.1/pico-sdk/src/rp2_common/pico_divider/divider.S.obj
                0x100036c8                __wrap___aeabi_uidiv
                0x100036c8                __wrap___aeabi_uidivmod
                0x100036c8                div_u32u32
                0x100036c8                divmod_u32u32
                0x100036d0                divmod_u32u32_unsafe
                0x100036f8                divmod_u32u32_savestate
 .text.__wrap___aeabi_ldiv
                0x10003714      0x424 main/CMakeFiles/sendai_pico.dir/C_/Program_Files/Raspberry_Pi/Pico_SDK_v1.5.1/pico-sdk/src/rp2_common/pico_divider/divider.S.obj
                0x10003714                div_s64s64
                0x10003714                divmod_s64s64
                0x10003714                __wrap___aeabi_ldivmod
                0x10003744                divmod_u64u64
                0x10003744                div_u64u64
                0x10003744                __wrap___aeabi_uldivmod
                0x10003754                divmod_u64u64_savestate
                0x10003774                divmod_s64s64_unsafe
                0x100037fc                divmod_u64u64_unsafe
 .text.__wrap___aeabi_darithmetic
                0x10003b38       0x80 main/CMakeFiles/sendai_pico.dir/C_/Program_Files/Raspberry_Pi/Pico_SDK_v1.5.1/pico-sdk/src/rp2_common/pico_double/double_aeabi.S.obj
                0x10003b38                __wrap___aeabi_drsub
                0x10003b3e                __wrap___aeabi_dsub
                0x10003b50                __wrap___aeabi_dadd
                0x10003b62                __wrap___aeabi_ddiv
                0x10003b9e                __wrap___aeabi_dmul
 .text.__wrap___aeabi_cdcmple
                0x10003bb8       0x6c main/CMakeFiles/sendai_pico.dir/C_/Program_Files/Raspberry_Pi/Pico_SDK_v1.5.1/pico-sdk/src/rp2_common/pico_double/double_aeabi.S.obj
                0x10003bb8                __wrap___aeabi_cdrcmple
                0x10003bc8                __wrap___aeabi_cdcmpeq
                0x10003bc8                __wrap___aeabi_cdcmple
 .text.__wrap___aeabi_dcmplt
                0x10003c24        0xc main/CMakeFiles/sendai_pico.dir/C_/Program_Files/Raspberry_Pi/Pico_SDK_v1.5.1/pico-sdk/src/rp2_common/pico_double/double_aeabi.S.obj
                0x10003c24                __wrap___aeabi_dcmplt
 .text.__wrap___aeabi_dcmple
                0x10003c30       0x10 main/CMakeFiles/sendai_pico.dir/C_/Program_Files/Raspberry_Pi/Pico_SDK_v1.5.1/pico-sdk/src/rp2_common/pico_double/double_aeabi.S.obj
                0x10003c30                __wrap___aeabi_dcmple
 .text.__wrap___aeabi_dcmpge
                0x10003c40       0x10 main/CMakeFiles/sendai_pico.dir/C_/Program_Files/Raspberry_Pi/Pico_SDK_v1.5.1/pico-sdk/src/rp2_common/pico_double/double_aeabi.S.obj
                0x10003c40                __wrap___aeabi_dcmpge
 .text.__wrap___aeabi_dcmpgt
                0x10003c50        0xa main/CMakeFiles/sendai_pico.dir/C_/Program_Files/Raspberry_Pi/Pico_SDK_v1.5.1/pico-sdk/src/rp2_common/pico_double/double_aeabi.S.obj
                0x10003c50                __wrap___aeabi_dcmpgt
 .text.__wrap___aeabi_dcmpun
                0x10003c5a       0x1c main/CMakeFiles/sendai_pico.dir/C_/Program_Files/Raspberry_Pi/Pico_SDK_v1.5.1/pico-sdk/src/rp2_common/pico_double/double_aeabi.S.obj
                0x10003c5a                __wrap___aeabi_dcmpun
 *fill*         0x10003c76        0x2 
 .text.__wrap___aeabi_i2d
                0x10003c78       0x38 main/CMakeFiles/sendai_pico.dir/C_/Program_Files/Raspberry_Pi/Pico_SDK_v1.5.1/pico-sdk/src/rp2_common/pico_double/double_aeabi.S.obj
                0x10003c78                __wrap___aeabi_ui2d
                0x10003c80                __wrap___aeabi_i2d
 .text.__wrap___aeabi_d2iz
                0x10003cb0       0x48 main/CMakeFiles/sendai_pico.dir/C_/Program_Files/Raspberry_Pi/Pico_SDK_v1.5.1/pico-sdk/src/rp2_common/pico_double/double_aeabi.S.obj
                0x10003cb0                double2int_z
                0x10003cb0                __wrap___aeabi_d2iz
 .text.__wrap___aeabi_d2uiz
                0x10003cf8       0x18 main/CMakeFiles/sendai_pico.dir/C_/Program_Files/Raspberry_Pi/Pico_SDK_v1.5.1/pico-sdk/src/rp2_common/pico_double/double_aeabi.S.obj
                0x10003cf8                __wrap___aeabi_d2uiz
                0x10003cf8                double2uint
 .text.__aeabi_double_init
                0x10003d10       0xc8 main/CMakeFiles/sendai_pico.dir/C_/Program_Files/Raspberry_Pi/Pico_SDK_v1.5.1/pico-sdk/src/rp2_common/pico_double/double_init_rom.c.obj
                0x10003d10                __aeabi_double_init
 .text.double_table_shim_on_use_helper
                0x10003dd8       0x34 main/CMakeFiles/sendai_pico.dir/C_/Program_Files/Raspberry_Pi/Pico_SDK_v1.5.1/pico-sdk/src/rp2_common/pico_double/double_v1_rom_shim.S.obj
                0x10003dd8                double_table_shim_on_use_helper
 .text.__wrap___aeabi_dsub
                0x10003e0c       0x10 main/CMakeFiles/sendai_pico.dir/C_/Program_Files/Raspberry_Pi/Pico_SDK_v1.5.1/pico-sdk/src/rp2_common/pico_double/double_v1_rom_shim.S.obj
                0x10003e0c                drsub_shim
                0x10003e12                dsub_shim
 .text.dadd_shim
                0x10003e1c      0x15c main/CMakeFiles/sendai_pico.dir/C_/Program_Files/Raspberry_Pi/Pico_SDK_v1.5.1/pico-sdk/src/rp2_common/pico_double/double_v1_rom_shim.S.obj
                0x10003e1c                dadd_shim
 .text.dmul_shim
                0x10003f78      0x15c main/CMakeFiles/sendai_pico.dir/C_/Program_Files/Raspberry_Pi/Pico_SDK_v1.5.1/pico-sdk/src/rp2_common/pico_double/double_v1_rom_shim.S.obj
                0x10003f78                dmul_shim
 .text.ddiv_shim
                0x100040d4      0x1b0 main/CMakeFiles/sendai_pico.dir/C_/Program_Files/Raspberry_Pi/Pico_SDK_v1.5.1/pico-sdk/src/rp2_common/pico_double/double_v1_rom_shim.S.obj
                0x100040d4                ddiv_shim
 .text.double2uint_shim
                0x10004284        0xe main/CMakeFiles/sendai_pico.dir/C_/Program_Files/Raspberry_Pi/Pico_SDK_v1.5.1/pico-sdk/src/rp2_common/pico_double/double_v1_rom_shim.S.obj
                0x10004284                double2uint_shim
                0x10004286                double2ufix_shim
 *fill*         0x10004292        0x2 
 .text.double2uint64_shim
                0x10004294       0x70 main/CMakeFiles/sendai_pico.dir/C_/Program_Files/Raspberry_Pi/Pico_SDK_v1.5.1/pico-sdk/src/rp2_common/pico_double/double_v1_rom_shim.S.obj
                0x10004294                double2uint64_shim
                0x10004296                double2ufix64_shim
                0x100042b6                d2fix_a
 .text.dunpacks
                0x10004304       0x3c main/CMakeFiles/sendai_pico.dir/C_/Program_Files/Raspberry_Pi/Pico_SDK_v1.5.1/pico-sdk/src/rp2_common/pico_double/double_v1_rom_shim.S.obj
                0x10004304                dunpacks
 .text.__aeabi_lmul
                0x10004340       0x32 main/CMakeFiles/sendai_pico.dir/C_/Program_Files/Raspberry_Pi/Pico_SDK_v1.5.1/pico-sdk/src/rp2_common/pico_int64_ops/pico_int64_ops_aeabi.S.obj
                0x10004340                __wrap___aeabi_lmul
 *fill*         0x10004372        0x2 
 .text.__wrap___aeabi_farithmetic
                0x10004374       0x58 main/CMakeFiles/sendai_pico.dir/C_/Program_Files/Raspberry_Pi/Pico_SDK_v1.5.1/pico-sdk/src/rp2_common/pico_float/float_aeabi.S.obj
                0x10004374                __wrap___aeabi_frsub
                0x1000437a                __wrap___aeabi_fsub
                0x10004384                __wrap___aeabi_fadd
                0x1000438e                __wrap___aeabi_fdiv
                0x100043ba                __wrap___aeabi_fmul
 .text.__wrap___aeabi_ui2f
                0x100043cc        0xa main/CMakeFiles/sendai_pico.dir/C_/Program_Files/Raspberry_Pi/Pico_SDK_v1.5.1/pico-sdk/src/rp2_common/pico_float/float_aeabi.S.obj
                0x100043cc                __wrap___aeabi_ui2f
 *fill*         0x100043d6        0x2 
 .text.__wrap___aeabi_i2f
                0x100043d8       0x44 main/CMakeFiles/sendai_pico.dir/C_/Program_Files/Raspberry_Pi/Pico_SDK_v1.5.1/pico-sdk/src/rp2_common/pico_float/float_aeabi.S.obj
                0x100043d8                __wrap___aeabi_i2f
 .text.__wrap___aeabi_f2uiz
                0x1000441c       0x10 main/CMakeFiles/sendai_pico.dir/C_/Program_Files/Raspberry_Pi/Pico_SDK_v1.5.1/pico-sdk/src/rp2_common/pico_float/float_aeabi.S.obj
                0x1000441c                __wrap___aeabi_f2uiz
 .text.__aeabi_float_init
                0x1000442c       0xfc main/CMakeFiles/sendai_pico.dir/C_/Program_Files/Raspberry_Pi/Pico_SDK_v1.5.1/pico-sdk/src/rp2_common/pico_float/float_init_rom.c.obj
                0x1000442c                __aeabi_float_init
 .text.float_table_shim_on_use_helper
                0x10004528       0x34 main/CMakeFiles/sendai_pico.dir/C_/Program_Files/Raspberry_Pi/Pico_SDK_v1.5.1/pico-sdk/src/rp2_common/pico_float/float_v1_rom_shim.S.obj
                0x10004528                float_table_shim_on_use_helper
 .text          0x1000455c       0x10 main/CMakeFiles/sendai_pico.dir/C_/Program_Files/Raspberry_Pi/Pico_SDK_v1.5.1/pico-sdk/src/rp2_common/pico_mem_ops/mem_ops_aeabi.S.obj
                0x1000455c                __aeabi_mem_init
 .text.memset   0x1000456c        0xc main/CMakeFiles/sendai_pico.dir/C_/Program_Files/Raspberry_Pi/Pico_SDK_v1.5.1/pico-sdk/src/rp2_common/pico_mem_ops/mem_ops_aeabi.S.obj
                0x1000456c                __wrap_memset
 .text.memcpy   0x10004578        0xc main/CMakeFiles/sendai_pico.dir/C_/Program_Files/Raspberry_Pi/Pico_SDK_v1.5.1/pico-sdk/src/rp2_common/pico_mem_ops/mem_ops_aeabi.S.obj
                0x10004578                __wrap_memcpy
                0x10004578                __wrap___aeabi_memcpy
 .text.stdio_out_chars_no_crlf
                0x10004584        0xe main/CMakeFiles/sendai_pico.dir/C_/Program_Files/Raspberry_Pi/Pico_SDK_v1.5.1/pico-sdk/src/rp2_common/pico_stdio/stdio.c.obj
 *fill*         0x10004592        0x2 
 .text.stdio_out_chars_crlf
                0x10004594       0x80 main/CMakeFiles/sendai_pico.dir/C_/Program_Files/Raspberry_Pi/Pico_SDK_v1.5.1/pico-sdk/src/rp2_common/pico_stdio/stdio.c.obj
 .text.stdio_stack_buffer_flush
                0x10004614       0x44 main/CMakeFiles/sendai_pico.dir/C_/Program_Files/Raspberry_Pi/Pico_SDK_v1.5.1/pico-sdk/src/rp2_common/pico_stdio/stdio.c.obj
 .text.stdio_buffered_printer
                0x10004658       0x20 main/CMakeFiles/sendai_pico.dir/C_/Program_Files/Raspberry_Pi/Pico_SDK_v1.5.1/pico-sdk/src/rp2_common/pico_stdio/stdio.c.obj
 .text.stdout_serialize_begin
                0x10004678       0x5c main/CMakeFiles/sendai_pico.dir/C_/Program_Files/Raspberry_Pi/Pico_SDK_v1.5.1/pico-sdk/src/rp2_common/pico_stdio/stdio.c.obj
                0x10004678                stdout_serialize_begin
 .text.stdout_serialize_end
                0x100046d4       0x10 main/CMakeFiles/sendai_pico.dir/C_/Program_Files/Raspberry_Pi/Pico_SDK_v1.5.1/pico-sdk/src/rp2_common/pico_stdio/stdio.c.obj
                0x100046d4                stdout_serialize_end
 .text.stdio_put_string
                0x100046e4       0x98 main/CMakeFiles/sendai_pico.dir/C_/Program_Files/Raspberry_Pi/Pico_SDK_v1.5.1/pico-sdk/src/rp2_common/pico_stdio/stdio.c.obj
 .text.stdio_set_driver_enabled
                0x1000477c       0x2c main/CMakeFiles/sendai_pico.dir/C_/Program_Files/Raspberry_Pi/Pico_SDK_v1.5.1/pico-sdk/src/rp2_common/pico_stdio/stdio.c.obj
                0x1000477c                stdio_set_driver_enabled
 .text.stdio_flush
                0x100047a8       0x20 main/CMakeFiles/sendai_pico.dir/C_/Program_Files/Raspberry_Pi/Pico_SDK_v1.5.1/pico-sdk/src/rp2_common/pico_stdio/stdio.c.obj
                0x100047a8                stdio_flush
 .text.__wrap_puts
                0x100047c8       0x1e main/CMakeFiles/sendai_pico.dir/C_/Program_Files/Raspberry_Pi/Pico_SDK_v1.5.1/pico-sdk/src/rp2_common/pico_stdio/stdio.c.obj
                0x100047c8                __wrap_puts
 *fill*         0x100047e6        0x2 
 .text.__wrap_vprintf
                0x100047e8       0x40 main/CMakeFiles/sendai_pico.dir/C_/Program_Files/Raspberry_Pi/Pico_SDK_v1.5.1/pico-sdk/src/rp2_common/pico_stdio/stdio.c.obj
                0x100047e8                __wrap_vprintf
 .text.__wrap_printf
                0x10004828       0x18 main/CMakeFiles/sendai_pico.dir/C_/Program_Files/Raspberry_Pi/Pico_SDK_v1.5.1/pico-sdk/src/rp2_common/pico_stdio/stdio.c.obj
                0x10004828                __wrap_printf
 .text.stdio_init_all
                0x10004840        0x8 main/CMakeFiles/sendai_pico.dir/C_/Program_Files/Raspberry_Pi/Pico_SDK_v1.5.1/pico-sdk/src/rp2_common/pico_stdio/stdio.c.obj
                0x10004840                stdio_init_all
 .text.resetd_init
                0x10004848        0x2 main/CMakeFiles/sendai_pico.dir/C_/Program_Files/Raspberry_Pi/Pico_SDK_v1.5.1/pico-sdk/src/rp2_common/pico_stdio_usb/reset_interface.c.obj
 *fill*         0x1000484a        0x2 
 .text.resetd_reset
                0x1000484c        0xc main/CMakeFiles/sendai_pico.dir/C_/Program_Files/Raspberry_Pi/Pico_SDK_v1.5.1/pico-sdk/src/rp2_common/pico_stdio_usb/reset_interface.c.obj
 .text.resetd_open
                0x10004858       0x34 main/CMakeFiles/sendai_pico.dir/C_/Program_Files/Raspberry_Pi/Pico_SDK_v1.5.1/pico-sdk/src/rp2_common/pico_stdio_usb/reset_interface.c.obj
 .text.resetd_xfer_cb
                0x1000488c        0x4 main/CMakeFiles/sendai_pico.dir/C_/Program_Files/Raspberry_Pi/Pico_SDK_v1.5.1/pico-sdk/src/rp2_common/pico_stdio_usb/reset_interface.c.obj
 .text.reset_usb_boot
                0x10004890       0x18 main/CMakeFiles/sendai_pico.dir/C_/Program_Files/Raspberry_Pi/Pico_SDK_v1.5.1/pico-sdk/src/rp2_common/pico_stdio_usb/reset_interface.c.obj
 .text.resetd_control_xfer_cb
                0x100048a8       0x5c main/CMakeFiles/sendai_pico.dir/C_/Program_Files/Raspberry_Pi/Pico_SDK_v1.5.1/pico-sdk/src/rp2_common/pico_stdio_usb/reset_interface.c.obj
 .text.usbd_app_driver_get_cb
                0x10004904        0xc main/CMakeFiles/sendai_pico.dir/C_/Program_Files/Raspberry_Pi/Pico_SDK_v1.5.1/pico-sdk/src/rp2_common/pico_stdio_usb/reset_interface.c.obj
                0x10004904                usbd_app_driver_get_cb
 .text.tud_cdc_line_coding_cb
                0x10004910       0x28 main/CMakeFiles/sendai_pico.dir/C_/Program_Files/Raspberry_Pi/Pico_SDK_v1.5.1/pico-sdk/src/rp2_common/pico_stdio_usb/reset_interface.c.obj
                0x10004910                tud_cdc_line_coding_cb
 .text.stdio_usb_set_chars_available_callback
                0x10004938       0x14 main/CMakeFiles/sendai_pico.dir/C_/Program_Files/Raspberry_Pi/Pico_SDK_v1.5.1/pico-sdk/src/rp2_common/pico_stdio_usb/stdio_usb.c.obj
                0x10004938                stdio_usb_set_chars_available_callback
 .text.usb_irq  0x1000494c       0x10 main/CMakeFiles/sendai_pico.dir/C_/Program_Files/Raspberry_Pi/Pico_SDK_v1.5.1/pico-sdk/src/rp2_common/pico_stdio_usb/stdio_usb.c.obj
 .text.timer_task
                0x1000495c       0x5c main/CMakeFiles/sendai_pico.dir/C_/Program_Files/Raspberry_Pi/Pico_SDK_v1.5.1/pico-sdk/src/rp2_common/pico_stdio_usb/stdio_usb.c.obj
 .text.low_priority_worker_irq
                0x100049b8       0xdc main/CMakeFiles/sendai_pico.dir/C_/Program_Files/Raspberry_Pi/Pico_SDK_v1.5.1/pico-sdk/src/rp2_common/pico_stdio_usb/stdio_usb.c.obj
 .text.tud_cdc_rx_cb
                0x10004a94       0x20 main/CMakeFiles/sendai_pico.dir/C_/Program_Files/Raspberry_Pi/Pico_SDK_v1.5.1/pico-sdk/src/rp2_common/pico_stdio_usb/stdio_usb.c.obj
                0x10004a94                tud_cdc_rx_cb
 .text.stdio_usb_init
                0x10004ab4      0x11c main/CMakeFiles/sendai_pico.dir/C_/Program_Files/Raspberry_Pi/Pico_SDK_v1.5.1/pico-sdk/src/rp2_common/pico_stdio_usb/stdio_usb.c.obj
                0x10004ab4                stdio_usb_init
 .text.stdio_usb_connected
                0x10004bd0        0xa main/CMakeFiles/sendai_pico.dir/C_/Program_Files/Raspberry_Pi/Pico_SDK_v1.5.1/pico-sdk/src/rp2_common/pico_stdio_usb/stdio_usb.c.obj
                0x10004bd0                stdio_usb_connected
 *fill*         0x10004bda        0x2 
 .text.stdio_usb_in_chars
                0x10004bdc       0xc4 main/CMakeFiles/sendai_pico.dir/C_/Program_Files/Raspberry_Pi/Pico_SDK_v1.5.1/pico-sdk/src/rp2_common/pico_stdio_usb/stdio_usb.c.obj
                0x10004bdc                stdio_usb_in_chars
 .text.stdio_usb_out_chars
                0x10004ca0      0x114 main/CMakeFiles/sendai_pico.dir/C_/Program_Files/Raspberry_Pi/Pico_SDK_v1.5.1/pico-sdk/src/rp2_common/pico_stdio_usb/stdio_usb.c.obj
 .text.tud_descriptor_device_cb
                0x10004db4        0x8 main/CMakeFiles/sendai_pico.dir/C_/Program_Files/Raspberry_Pi/Pico_SDK_v1.5.1/pico-sdk/src/rp2_common/pico_stdio_usb/stdio_usb_descriptors.c.obj
                0x10004db4                tud_descriptor_device_cb
 .text.tud_descriptor_configuration_cb
                0x10004dbc        0x8 main/CMakeFiles/sendai_pico.dir/C_/Program_Files/Raspberry_Pi/Pico_SDK_v1.5.1/pico-sdk/src/rp2_common/pico_stdio_usb/stdio_usb_descriptors.c.obj
                0x10004dbc                tud_descriptor_configuration_cb
 .text.tud_descriptor_string_cb
                0x10004dc4       0x6c main/CMakeFiles/sendai_pico.dir/C_/Program_Files/Raspberry_Pi/Pico_SDK_v1.5.1/pico-sdk/src/rp2_common/pico_stdio_usb/stdio_usb_descriptors.c.obj
                0x10004dc4                tud_descriptor_string_cb
 .text._retrieve_unique_id_on_boot
                0x10004e30       0x10 main/CMakeFiles/sendai_pico.dir/C_/Program_Files/Raspberry_Pi/Pico_SDK_v1.5.1/pico-sdk/src/rp2_common/pico_unique_id/unique_id.c.obj
 .text.pico_get_unique_board_id_string
                0x10004e40       0x60 main/CMakeFiles/sendai_pico.dir/C_/Program_Files/Raspberry_Pi/Pico_SDK_v1.5.1/pico-sdk/src/rp2_common/pico_unique_id/unique_id.c.obj
                0x10004e40                pico_get_unique_board_id_string
 .text.flash_get_unique_id
                0x10004ea0       0x46 main/CMakeFiles/sendai_pico.dir/C_/Program_Files/Raspberry_Pi/Pico_SDK_v1.5.1/pico-sdk/src/rp2_common/hardware_flash/flash.c.obj
                0x10004ea0                flash_get_unique_id
 *fill*         0x10004ee6        0x2 
 .text.hw_endpoint_get_by_addr
                0x10004ee8       0x18 main/CMakeFiles/sendai_pico.dir/C_/Program_Files/Raspberry_Pi/Pico_SDK_v1.5.1/pico-sdk/lib/tinyusb/src/portable/raspberrypi/rp2040/dcd_rp2040.c.obj
 .text._hw_endpoint_alloc
                0x10004f00       0x70 main/CMakeFiles/sendai_pico.dir/C_/Program_Files/Raspberry_Pi/Pico_SDK_v1.5.1/pico-sdk/lib/tinyusb/src/portable/raspberrypi/rp2040/dcd_rp2040.c.obj
 .text.hw_endpoint_init
                0x10004f70       0x88 main/CMakeFiles/sendai_pico.dir/C_/Program_Files/Raspberry_Pi/Pico_SDK_v1.5.1/pico-sdk/lib/tinyusb/src/portable/raspberrypi/rp2040/dcd_rp2040.c.obj
 .text.hw_endpoint_xfer
                0x10004ff8       0x14 main/CMakeFiles/sendai_pico.dir/C_/Program_Files/Raspberry_Pi/Pico_SDK_v1.5.1/pico-sdk/lib/tinyusb/src/portable/raspberrypi/rp2040/dcd_rp2040.c.obj
 .text.dcd_int_enable
                0x1000500c       0x2c main/CMakeFiles/sendai_pico.dir/C_/Program_Files/Raspberry_Pi/Pico_SDK_v1.5.1/pico-sdk/lib/tinyusb/src/portable/raspberrypi/rp2040/dcd_rp2040.c.obj
                0x1000500c                dcd_int_enable
 .text.dcd_set_address
                0x10005038       0x2c main/CMakeFiles/sendai_pico.dir/C_/Program_Files/Raspberry_Pi/Pico_SDK_v1.5.1/pico-sdk/lib/tinyusb/src/portable/raspberrypi/rp2040/dcd_rp2040.c.obj
                0x10005038                dcd_set_address
 .text.dcd_connect
                0x10005064       0x10 main/CMakeFiles/sendai_pico.dir/C_/Program_Files/Raspberry_Pi/Pico_SDK_v1.5.1/pico-sdk/lib/tinyusb/src/portable/raspberrypi/rp2040/dcd_rp2040.c.obj
                0x10005064                dcd_connect
 .text.dcd_init
                0x10005074       0x80 main/CMakeFiles/sendai_pico.dir/C_/Program_Files/Raspberry_Pi/Pico_SDK_v1.5.1/pico-sdk/lib/tinyusb/src/portable/raspberrypi/rp2040/dcd_rp2040.c.obj
                0x10005074                dcd_init
 .text.dcd_edpt0_status_complete
                0x100050f4       0x1c main/CMakeFiles/sendai_pico.dir/C_/Program_Files/Raspberry_Pi/Pico_SDK_v1.5.1/pico-sdk/lib/tinyusb/src/portable/raspberrypi/rp2040/dcd_rp2040.c.obj
                0x100050f4                dcd_edpt0_status_complete
 .text.dcd_edpt_open
                0x10005110       0x40 main/CMakeFiles/sendai_pico.dir/C_/Program_Files/Raspberry_Pi/Pico_SDK_v1.5.1/pico-sdk/lib/tinyusb/src/portable/raspberrypi/rp2040/dcd_rp2040.c.obj
                0x10005110                dcd_edpt_open
 .text.dcd_edpt_close_all
                0x10005150        0x8 main/CMakeFiles/sendai_pico.dir/C_/Program_Files/Raspberry_Pi/Pico_SDK_v1.5.1/pico-sdk/lib/tinyusb/src/portable/raspberrypi/rp2040/dcd_rp2040.c.obj
                0x10005150                dcd_edpt_close_all
 .text.dcd_edpt_xfer
                0x10005158       0x34 main/CMakeFiles/sendai_pico.dir/C_/Program_Files/Raspberry_Pi/Pico_SDK_v1.5.1/pico-sdk/lib/tinyusb/src/portable/raspberrypi/rp2040/dcd_rp2040.c.obj
                0x10005158                dcd_edpt_xfer
 .text.dcd_edpt_stall
                0x1000518c       0x2c main/CMakeFiles/sendai_pico.dir/C_/Program_Files/Raspberry_Pi/Pico_SDK_v1.5.1/pico-sdk/lib/tinyusb/src/portable/raspberrypi/rp2040/dcd_rp2040.c.obj
                0x1000518c                dcd_edpt_stall
 .text.dcd_edpt_clear_stall
                0x100051b8       0x20 main/CMakeFiles/sendai_pico.dir/C_/Program_Files/Raspberry_Pi/Pico_SDK_v1.5.1/pico-sdk/lib/tinyusb/src/portable/raspberrypi/rp2040/dcd_rp2040.c.obj
                0x100051b8                dcd_edpt_clear_stall
 .text.rp2040_usb_init
                0x100051d8       0x4c main/CMakeFiles/sendai_pico.dir/C_/Program_Files/Raspberry_Pi/Pico_SDK_v1.5.1/pico-sdk/lib/tinyusb/src/portable/raspberrypi/rp2040/rp2040_usb.c.obj
                0x100051d8                rp2040_usb_init
 .text.hw_endpoint_xfer_start
                0x10005224       0x50 main/CMakeFiles/sendai_pico.dir/C_/Program_Files/Raspberry_Pi/Pico_SDK_v1.5.1/pico-sdk/lib/tinyusb/src/portable/raspberrypi/rp2040/rp2040_usb.c.obj
                0x10005224                hw_endpoint_xfer_start
 .text.configuration_reset
                0x10005274       0x84 main/CMakeFiles/sendai_pico.dir/C_/Program_Files/Raspberry_Pi/Pico_SDK_v1.5.1/pico-sdk/lib/tinyusb/src/device/usbd.c.obj
 .text.usbd_reset
                0x100052f8        0xc main/CMakeFiles/sendai_pico.dir/C_/Program_Files/Raspberry_Pi/Pico_SDK_v1.5.1/pico-sdk/lib/tinyusb/src/device/usbd.c.obj
 .text.invoke_class_control
                0x10005304       0x1a main/CMakeFiles/sendai_pico.dir/C_/Program_Files/Raspberry_Pi/Pico_SDK_v1.5.1/pico-sdk/lib/tinyusb/src/device/usbd.c.obj
 *fill*         0x1000531e        0x2 
 .text.process_set_config
                0x10005320      0x178 main/CMakeFiles/sendai_pico.dir/C_/Program_Files/Raspberry_Pi/Pico_SDK_v1.5.1/pico-sdk/lib/tinyusb/src/device/usbd.c.obj
 .text.process_get_descriptor
                0x10005498       0xdc main/CMakeFiles/sendai_pico.dir/C_/Program_Files/Raspberry_Pi/Pico_SDK_v1.5.1/pico-sdk/lib/tinyusb/src/device/usbd.c.obj
 .text.tud_mounted
                0x10005574       0x10 main/CMakeFiles/sendai_pico.dir/C_/Program_Files/Raspberry_Pi/Pico_SDK_v1.5.1/pico-sdk/lib/tinyusb/src/device/usbd.c.obj
                0x10005574                tud_mounted
 .text.tud_suspended
                0x10005584       0x10 main/CMakeFiles/sendai_pico.dir/C_/Program_Files/Raspberry_Pi/Pico_SDK_v1.5.1/pico-sdk/lib/tinyusb/src/device/usbd.c.obj
                0x10005584                tud_suspended
 .text.tud_inited
                0x10005594       0x14 main/CMakeFiles/sendai_pico.dir/C_/Program_Files/Raspberry_Pi/Pico_SDK_v1.5.1/pico-sdk/lib/tinyusb/src/device/usbd.c.obj
                0x10005594                tud_inited
 .text.tud_init
                0x100055a8       0xcc main/CMakeFiles/sendai_pico.dir/C_/Program_Files/Raspberry_Pi/Pico_SDK_v1.5.1/pico-sdk/lib/tinyusb/src/device/usbd.c.obj
                0x100055a8                tud_init
 .text.usbd_defer_func
                0x10005674       0x2a main/CMakeFiles/sendai_pico.dir/C_/Program_Files/Raspberry_Pi/Pico_SDK_v1.5.1/pico-sdk/lib/tinyusb/src/device/usbd.c.obj
                0x10005674                usbd_defer_func
 *fill*         0x1000569e        0x2 
 .text.usbd_edpt_open
                0x100056a0       0x34 main/CMakeFiles/sendai_pico.dir/C_/Program_Files/Raspberry_Pi/Pico_SDK_v1.5.1/pico-sdk/lib/tinyusb/src/device/usbd.c.obj
                0x100056a0                usbd_edpt_open
 .text.usbd_open_edpt_pair
                0x100056d4       0x62 main/CMakeFiles/sendai_pico.dir/C_/Program_Files/Raspberry_Pi/Pico_SDK_v1.5.1/pico-sdk/lib/tinyusb/src/device/usbd.c.obj
                0x100056d4                usbd_open_edpt_pair
 *fill*         0x10005736        0x2 
 .text.usbd_edpt_claim
                0x10005738       0x28 main/CMakeFiles/sendai_pico.dir/C_/Program_Files/Raspberry_Pi/Pico_SDK_v1.5.1/pico-sdk/lib/tinyusb/src/device/usbd.c.obj
                0x10005738                usbd_edpt_claim
 .text.usbd_edpt_release
                0x10005760       0x28 main/CMakeFiles/sendai_pico.dir/C_/Program_Files/Raspberry_Pi/Pico_SDK_v1.5.1/pico-sdk/lib/tinyusb/src/device/usbd.c.obj
                0x10005760                usbd_edpt_release
 .text.usbd_edpt_xfer
                0x10005788       0x78 main/CMakeFiles/sendai_pico.dir/C_/Program_Files/Raspberry_Pi/Pico_SDK_v1.5.1/pico-sdk/lib/tinyusb/src/device/usbd.c.obj
                0x10005788                usbd_edpt_xfer
 .text.usbd_edpt_stall
                0x10005800       0x48 main/CMakeFiles/sendai_pico.dir/C_/Program_Files/Raspberry_Pi/Pico_SDK_v1.5.1/pico-sdk/lib/tinyusb/src/device/usbd.c.obj
                0x10005800                usbd_edpt_stall
 .text.usbd_edpt_clear_stall
                0x10005848       0x48 main/CMakeFiles/sendai_pico.dir/C_/Program_Files/Raspberry_Pi/Pico_SDK_v1.5.1/pico-sdk/lib/tinyusb/src/device/usbd.c.obj
                0x10005848                usbd_edpt_clear_stall
 .text.usbd_edpt_stalled
                0x10005890       0x1c main/CMakeFiles/sendai_pico.dir/C_/Program_Files/Raspberry_Pi/Pico_SDK_v1.5.1/pico-sdk/lib/tinyusb/src/device/usbd.c.obj
                0x10005890                usbd_edpt_stalled
 .text.process_control_request
                0x100058ac      0x37c main/CMakeFiles/sendai_pico.dir/C_/Program_Files/Raspberry_Pi/Pico_SDK_v1.5.1/pico-sdk/lib/tinyusb/src/device/usbd.c.obj
 .text.tud_task_ext
                0x10005c28      0x1b8 main/CMakeFiles/sendai_pico.dir/C_/Program_Files/Raspberry_Pi/Pico_SDK_v1.5.1/pico-sdk/lib/tinyusb/src/device/usbd.c.obj
                0x10005c28                tud_task_ext
 .text._data_stage_xact
                0x10005de0       0x58 main/CMakeFiles/sendai_pico.dir/C_/Program_Files/Raspberry_Pi/Pico_SDK_v1.5.1/pico-sdk/lib/tinyusb/src/device/usbd_control.c.obj
 .text.tud_control_status
                0x10005e38       0x38 main/CMakeFiles/sendai_pico.dir/C_/Program_Files/Raspberry_Pi/Pico_SDK_v1.5.1/pico-sdk/lib/tinyusb/src/device/usbd_control.c.obj
                0x10005e38                tud_control_status
 .text.tud_control_xfer
                0x10005e70       0x74 main/CMakeFiles/sendai_pico.dir/C_/Program_Files/Raspberry_Pi/Pico_SDK_v1.5.1/pico-sdk/lib/tinyusb/src/device/usbd_control.c.obj
                0x10005e70                tud_control_xfer
 .text.usbd_control_reset
                0x10005ee4       0x14 main/CMakeFiles/sendai_pico.dir/C_/Program_Files/Raspberry_Pi/Pico_SDK_v1.5.1/pico-sdk/lib/tinyusb/src/device/usbd_control.c.obj
                0x10005ee4                usbd_control_reset
 .text.usbd_control_set_complete_callback
                0x10005ef8        0xc main/CMakeFiles/sendai_pico.dir/C_/Program_Files/Raspberry_Pi/Pico_SDK_v1.5.1/pico-sdk/lib/tinyusb/src/device/usbd_control.c.obj
                0x10005ef8                usbd_control_set_complete_callback
 .text.usbd_control_set_request
                0x10005f04       0x1c main/CMakeFiles/sendai_pico.dir/C_/Program_Files/Raspberry_Pi/Pico_SDK_v1.5.1/pico-sdk/lib/tinyusb/src/device/usbd_control.c.obj
                0x10005f04                usbd_control_set_request
 .text.usbd_control_xfer_cb
                0x10005f20       0xcc main/CMakeFiles/sendai_pico.dir/C_/Program_Files/Raspberry_Pi/Pico_SDK_v1.5.1/pico-sdk/lib/tinyusb/src/device/usbd_control.c.obj
                0x10005f20                usbd_control_xfer_cb
 .text._prep_out_transaction
                0x10005fec       0x4a main/CMakeFiles/sendai_pico.dir/C_/Program_Files/Raspberry_Pi/Pico_SDK_v1.5.1/pico-sdk/lib/tinyusb/src/class/cdc/cdc_device.c.obj
 *fill*         0x10006036        0x2 
 .text.tud_cdc_n_connected
                0x10006038       0x44 main/CMakeFiles/sendai_pico.dir/C_/Program_Files/Raspberry_Pi/Pico_SDK_v1.5.1/pico-sdk/lib/tinyusb/src/class/cdc/cdc_device.c.obj
                0x10006038                tud_cdc_n_connected
 .text.tud_cdc_n_available
                0x1000607c       0x18 main/CMakeFiles/sendai_pico.dir/C_/Program_Files/Raspberry_Pi/Pico_SDK_v1.5.1/pico-sdk/lib/tinyusb/src/class/cdc/cdc_device.c.obj
                0x1000607c                tud_cdc_n_available
 .text.tud_cdc_n_read
                0x10006094       0x28 main/CMakeFiles/sendai_pico.dir/C_/Program_Files/Raspberry_Pi/Pico_SDK_v1.5.1/pico-sdk/lib/tinyusb/src/class/cdc/cdc_device.c.obj
                0x10006094                tud_cdc_n_read
 .text.tud_cdc_n_write_flush
                0x100060bc       0xb8 main/CMakeFiles/sendai_pico.dir/C_/Program_Files/Raspberry_Pi/Pico_SDK_v1.5.1/pico-sdk/lib/tinyusb/src/class/cdc/cdc_device.c.obj
                0x100060bc                tud_cdc_n_write_flush
 .text.tud_cdc_n_write
                0x10006174       0x38 main/CMakeFiles/sendai_pico.dir/C_/Program_Files/Raspberry_Pi/Pico_SDK_v1.5.1/pico-sdk/lib/tinyusb/src/class/cdc/cdc_device.c.obj
                0x10006174                tud_cdc_n_write
 .text.tud_cdc_n_write_available
                0x100061ac       0x1c main/CMakeFiles/sendai_pico.dir/C_/Program_Files/Raspberry_Pi/Pico_SDK_v1.5.1/pico-sdk/lib/tinyusb/src/class/cdc/cdc_device.c.obj
                0x100061ac                tud_cdc_n_write_available
 .text.cdcd_init
                0x100061c8       0xbc main/CMakeFiles/sendai_pico.dir/C_/Program_Files/Raspberry_Pi/Pico_SDK_v1.5.1/pico-sdk/lib/tinyusb/src/class/cdc/cdc_device.c.obj
                0x100061c8                cdcd_init
 .text.cdcd_reset
                0x10006284       0x44 main/CMakeFiles/sendai_pico.dir/C_/Program_Files/Raspberry_Pi/Pico_SDK_v1.5.1/pico-sdk/lib/tinyusb/src/class/cdc/cdc_device.c.obj
                0x10006284                cdcd_reset
 .text.cdcd_open
                0x100062c8       0xcc main/CMakeFiles/sendai_pico.dir/C_/Program_Files/Raspberry_Pi/Pico_SDK_v1.5.1/pico-sdk/lib/tinyusb/src/class/cdc/cdc_device.c.obj
                0x100062c8                cdcd_open
 .text.cdcd_control_xfer_cb
                0x10006394      0x134 main/CMakeFiles/sendai_pico.dir/C_/Program_Files/Raspberry_Pi/Pico_SDK_v1.5.1/pico-sdk/lib/tinyusb/src/class/cdc/cdc_device.c.obj
                0x10006394                cdcd_control_xfer_cb
 .text.cdcd_xfer_cb
                0x100064c8      0x130 main/CMakeFiles/sendai_pico.dir/C_/Program_Files/Raspberry_Pi/Pico_SDK_v1.5.1/pico-sdk/lib/tinyusb/src/class/cdc/cdc_device.c.obj
                0x100064c8                cdcd_xfer_cb
 .text.tusb_init
                0x100065f8        0xa main/CMakeFiles/sendai_pico.dir/C_/Program_Files/Raspberry_Pi/Pico_SDK_v1.5.1/pico-sdk/lib/tinyusb/src/tusb.c.obj
                0x100065f8                tusb_init
 .text.tusb_inited
                0x10006602        0xe main/CMakeFiles/sendai_pico.dir/C_/Program_Files/Raspberry_Pi/Pico_SDK_v1.5.1/pico-sdk/lib/tinyusb/src/tusb.c.obj
                0x10006602                tusb_inited
 .text.tu_edpt_claim
                0x10006610       0x50 main/CMakeFiles/sendai_pico.dir/C_/Program_Files/Raspberry_Pi/Pico_SDK_v1.5.1/pico-sdk/lib/tinyusb/src/tusb.c.obj
                0x10006610                tu_edpt_claim
 .text.tu_edpt_release
                0x10006660       0x3c main/CMakeFiles/sendai_pico.dir/C_/Program_Files/Raspberry_Pi/Pico_SDK_v1.5.1/pico-sdk/lib/tinyusb/src/tusb.c.obj
                0x10006660                tu_edpt_release
 .text.tu_edpt_validate
                0x1000669c       0x78 main/CMakeFiles/sendai_pico.dir/C_/Program_Files/Raspberry_Pi/Pico_SDK_v1.5.1/pico-sdk/lib/tinyusb/src/tusb.c.obj
                0x1000669c                tu_edpt_validate
 .text.tu_edpt_bind_driver
                0x10006714       0x26 main/CMakeFiles/sendai_pico.dir/C_/Program_Files/Raspberry_Pi/Pico_SDK_v1.5.1/pico-sdk/lib/tinyusb/src/tusb.c.obj
                0x10006714                tu_edpt_bind_driver
 .text.advance_index
                0x1000673a       0x1a main/CMakeFiles/sendai_pico.dir/C_/Program_Files/Raspberry_Pi/Pico_SDK_v1.5.1/pico-sdk/lib/tinyusb/src/common/tusb_fifo.c.obj
 .text._tu_fifo_peek
                0x10006754       0x56 main/CMakeFiles/sendai_pico.dir/C_/Program_Files/Raspberry_Pi/Pico_SDK_v1.5.1/pico-sdk/lib/tinyusb/src/common/tusb_fifo.c.obj
 .text._ff_pull_const_addr
                0x100067aa       0x4c main/CMakeFiles/sendai_pico.dir/C_/Program_Files/Raspberry_Pi/Pico_SDK_v1.5.1/pico-sdk/lib/tinyusb/src/common/tusb_fifo.c.obj
 .text._ff_pull_n
                0x100067f6      0x110 main/CMakeFiles/sendai_pico.dir/C_/Program_Files/Raspberry_Pi/Pico_SDK_v1.5.1/pico-sdk/lib/tinyusb/src/common/tusb_fifo.c.obj
 .text._tu_fifo_peek_n
                0x10006906       0x6a main/CMakeFiles/sendai_pico.dir/C_/Program_Files/Raspberry_Pi/Pico_SDK_v1.5.1/pico-sdk/lib/tinyusb/src/common/tusb_fifo.c.obj
 .text._tu_fifo_read_n
                0x10006970       0x4e main/CMakeFiles/sendai_pico.dir/C_/Program_Files/Raspberry_Pi/Pico_SDK_v1.5.1/pico-sdk/lib/tinyusb/src/common/tusb_fifo.c.obj
 .text._ff_push_const_addr
                0x100069be       0x40 main/CMakeFiles/sendai_pico.dir/C_/Program_Files/Raspberry_Pi/Pico_SDK_v1.5.1/pico-sdk/lib/tinyusb/src/common/tusb_fifo.c.obj
 .text._ff_push_n
                0x100069fe      0x10c main/CMakeFiles/sendai_pico.dir/C_/Program_Files/Raspberry_Pi/Pico_SDK_v1.5.1/pico-sdk/lib/tinyusb/src/common/tusb_fifo.c.obj
 .text._tu_fifo_write_n
                0x10006b0a       0xf0 main/CMakeFiles/sendai_pico.dir/C_/Program_Files/Raspberry_Pi/Pico_SDK_v1.5.1/pico-sdk/lib/tinyusb/src/common/tusb_fifo.c.obj
 .text.tu_fifo_config
                0x10006bfa       0x7c main/CMakeFiles/sendai_pico.dir/C_/Program_Files/Raspberry_Pi/Pico_SDK_v1.5.1/pico-sdk/lib/tinyusb/src/common/tusb_fifo.c.obj
                0x10006bfa                tu_fifo_config
 .text.tu_fifo_count
                0x10006c76       0x2a main/CMakeFiles/sendai_pico.dir/C_/Program_Files/Raspberry_Pi/Pico_SDK_v1.5.1/pico-sdk/lib/tinyusb/src/common/tusb_fifo.c.obj
                0x10006c76                tu_fifo_count
 .text.tu_fifo_empty
                0x10006ca0       0x10 main/CMakeFiles/sendai_pico.dir/C_/Program_Files/Raspberry_Pi/Pico_SDK_v1.5.1/pico-sdk/lib/tinyusb/src/common/tusb_fifo.c.obj
                0x10006ca0                tu_fifo_empty
 .text.tu_fifo_full
                0x10006cb0       0x28 main/CMakeFiles/sendai_pico.dir/C_/Program_Files/Raspberry_Pi/Pico_SDK_v1.5.1/pico-sdk/lib/tinyusb/src/common/tusb_fifo.c.obj
                0x10006cb0                tu_fifo_full
 .text.tu_fifo_remaining
                0x10006cd8       0x2c main/CMakeFiles/sendai_pico.dir/C_/Program_Files/Raspberry_Pi/Pico_SDK_v1.5.1/pico-sdk/lib/tinyusb/src/common/tusb_fifo.c.obj
                0x10006cd8                tu_fifo_remaining
 .text.tu_fifo_read
                0x10006d04       0x42 main/CMakeFiles/sendai_pico.dir/C_/Program_Files/Raspberry_Pi/Pico_SDK_v1.5.1/pico-sdk/lib/tinyusb/src/common/tusb_fifo.c.obj
                0x10006d04                tu_fifo_read
 .text.tu_fifo_read_n
                0x10006d46        0xa main/CMakeFiles/sendai_pico.dir/C_/Program_Files/Raspberry_Pi/Pico_SDK_v1.5.1/pico-sdk/lib/tinyusb/src/common/tusb_fifo.c.obj
                0x10006d46                tu_fifo_read_n
 .text.tu_fifo_write
                0x10006d50       0x64 main/CMakeFiles/sendai_pico.dir/C_/Program_Files/Raspberry_Pi/Pico_SDK_v1.5.1/pico-sdk/lib/tinyusb/src/common/tusb_fifo.c.obj
                0x10006d50                tu_fifo_write
 .text.tu_fifo_write_n
                0x10006db4        0xa main/CMakeFiles/sendai_pico.dir/C_/Program_Files/Raspberry_Pi/Pico_SDK_v1.5.1/pico-sdk/lib/tinyusb/src/common/tusb_fifo.c.obj
                0x10006db4                tu_fifo_write_n
 .text.tu_fifo_clear
                0x10006dbe       0x3e main/CMakeFiles/sendai_pico.dir/C_/Program_Files/Raspberry_Pi/Pico_SDK_v1.5.1/pico-sdk/lib/tinyusb/src/common/tusb_fifo.c.obj
                0x10006dbe                tu_fifo_clear
 .text.tu_fifo_set_overwritable
                0x10006dfc       0x46 main/CMakeFiles/sendai_pico.dir/C_/Program_Files/Raspberry_Pi/Pico_SDK_v1.5.1/pico-sdk/lib/tinyusb/src/common/tusb_fifo.c.obj
                0x10006dfc                tu_fifo_set_overwritable
 *fill*         0x10006e42        0x2 
 .text._pio_can_add_program_at_offset
                0x10006e44       0x3c main/CMakeFiles/sendai_pico.dir/C_/Program_Files/Raspberry_Pi/Pico_SDK_v1.5.1/pico-sdk/src/rp2_common/hardware_pio/pio.c.obj
 .text._pio_find_offset_for_program
                0x10006e80       0x7c main/CMakeFiles/sendai_pico.dir/C_/Program_Files/Raspberry_Pi/Pico_SDK_v1.5.1/pico-sdk/src/rp2_common/hardware_pio/pio.c.obj
 .text._pio_add_program_at_offset
                0x10006efc       0x78 main/CMakeFiles/sendai_pico.dir/C_/Program_Files/Raspberry_Pi/Pico_SDK_v1.5.1/pico-sdk/src/rp2_common/hardware_pio/pio.c.obj
 .text.pio_add_program
                0x10006f74       0x38 main/CMakeFiles/sendai_pico.dir/C_/Program_Files/Raspberry_Pi/Pico_SDK_v1.5.1/pico-sdk/src/rp2_common/hardware_pio/pio.c.obj
                0x10006f74                pio_add_program
 .text.pio_sm_set_consecutive_pindirs
                0x10006fac       0xa4 main/CMakeFiles/sendai_pico.dir/C_/Program_Files/Raspberry_Pi/Pico_SDK_v1.5.1/pico-sdk/src/rp2_common/hardware_pio/pio.c.obj
                0x10006fac                pio_sm_set_consecutive_pindirs
 .text.pio_sm_init
                0x10007050       0xe4 main/CMakeFiles/sendai_pico.dir/C_/Program_Files/Raspberry_Pi/Pico_SDK_v1.5.1/pico-sdk/src/rp2_common/hardware_pio/pio.c.obj
                0x10007050                pio_sm_init
 .text.strlen   0x10007134       0x5c c:/progra~1/raspbe~1/picosd~1.1/gcc-ar~1/bin/../lib/gcc/arm-none-eabi/10.3.1/../../../../arm-none-eabi/lib/thumb/v6-m/nofp\libg.a(lib_a-strlen-stub.o)
                0x10007134                strlen
 *(.fini)
 .fini          0x10007190        0x4 c:/progra~1/raspbe~1/picosd~1.1/gcc-ar~1/bin/../lib/gcc/arm-none-eabi/10.3.1/thumb/v6-m/nofp/crti.o
                0x10007190                _fini
 *fill*         0x10007194        0x4 
 .fini.__stub   0x10007198       0xe0 linker stubs
 *crtbegin.o(.ctors)
 *crtbegin?.o(.ctors)
 *(EXCLUDE_FILE(*crtend.o *crtend?.o) .ctors)
 *(SORT_BY_NAME(.ctors.*))
 *(.ctors)
 *crtbegin.o(.dtors)
 *crtbegin?.o(.dtors)
 *(EXCLUDE_FILE(*crtend.o *crtend?.o) .dtors)
 *(SORT_BY_NAME(.dtors.*))
 *(.dtors)
 *(.eh_frame*)
 .eh_frame      0x10007278        0x0 c:/progra~1/raspbe~1/picosd~1.1/gcc-ar~1/bin/../lib/gcc/arm-none-eabi/10.3.1/thumb/v6-m/nofp/crtbegin.o
                0x10007278                . = ALIGN (0x4)

.glue_7         0x10007278        0x0
 .glue_7        0x10007278        0x0 linker stubs

.glue_7t        0x10007278        0x0
 .glue_7t       0x10007278        0x0 linker stubs

.vfp11_veneer   0x10007278        0x0
 .vfp11_veneer  0x10007278        0x0 linker stubs

.v4_bx          0x10007278        0x0
 .v4_bx         0x10007278        0x0 linker stubs

.iplt           0x10007278        0x0
 .iplt          0x10007278        0x0 c:/progra~1/raspbe~1/picosd~1.1/gcc-ar~1/bin/../lib/gcc/arm-none-eabi/10.3.1/thumb/v6-m/nofp/crtbegin.o

.rodata         0x10007278     0x17fc
 *(EXCLUDE_FILE(*libm.a: *libc.a:*lib_a-mem*.o *libgcc.a:) .rodata*)
 .rodata._ZL14ws2812_program
                0x10007278        0x6 main/CMakeFiles/sendai_pico.dir/main.cpp.obj
 *fill*         0x1000727e        0x2 
 .rodata._ZL27ws2812_program_instructions
                0x10007280        0x8 main/CMakeFiles/sendai_pico.dir/main.cpp.obj
 .rodata.spin_lock_claim_unused.str1.4
                0x10007288       0x1b main/CMakeFiles/sendai_pico.dir/C_/Program_Files/Raspberry_Pi/Pico_SDK_v1.5.1/pico-sdk/src/rp2_common/hardware_sync/sync.c.obj
 *fill*         0x100072a3        0x1 
 .rodata.make_branch.str1.4
                0x100072a4       0x89 main/CMakeFiles/sendai_pico.dir/C_/Program_Files/Raspberry_Pi/Pico_SDK_v1.5.1/pico-sdk/src/rp2_common/hardware_irq/irq.c.obj
 *fill*         0x1000732d        0x3 
 .rodata.insert_branch_and_link.str1.4
                0x10007330       0x10 main/CMakeFiles/sendai_pico.dir/C_/Program_Files/Raspberry_Pi/Pico_SDK_v1.5.1/pico-sdk/src/rp2_common/hardware_irq/irq.c.obj
 .rodata.irq_set_exclusive_handler.str1.4
                0x10007340       0x36 main/CMakeFiles/sendai_pico.dir/C_/Program_Files/Raspberry_Pi/Pico_SDK_v1.5.1/pico-sdk/src/rp2_common/hardware_irq/irq.c.obj
 *fill*         0x10007376        0x2 
 .rodata.irq_add_shared_handler.str1.4
                0x10007378       0xd9 main/CMakeFiles/sendai_pico.dir/C_/Program_Files/Raspberry_Pi/Pico_SDK_v1.5.1/pico-sdk/src/rp2_common/hardware_irq/irq.c.obj
 *fill*         0x10007451        0x3 
 .rodata.irq_remove_handler.str1.4
                0x10007454       0x3a main/CMakeFiles/sendai_pico.dir/C_/Program_Files/Raspberry_Pi/Pico_SDK_v1.5.1/pico-sdk/src/rp2_common/hardware_irq/irq.c.obj
 *fill*         0x1000748e        0x2 
 .rodata.irq_add_tail_to_free_list.str1.4
                0x10007490       0x3a main/CMakeFiles/sendai_pico.dir/C_/Program_Files/Raspberry_Pi/Pico_SDK_v1.5.1/pico-sdk/src/rp2_common/hardware_irq/irq.c.obj
 *fill*         0x100074ca        0x2 
 .rodata.user_irq_claim_unused.str1.4
                0x100074cc       0x1b main/CMakeFiles/sendai_pico.dir/C_/Program_Files/Raspberry_Pi/Pico_SDK_v1.5.1/pico-sdk/src/rp2_common/hardware_irq/irq.c.obj
 *fill*         0x100074e7        0x1 
 .rodata.__func__.0
                0x100074e8       0x1a main/CMakeFiles/sendai_pico.dir/C_/Program_Files/Raspberry_Pi/Pico_SDK_v1.5.1/pico-sdk/src/rp2_common/hardware_irq/irq.c.obj
 *fill*         0x10007502        0x2 
 .rodata.__func__.1
                0x10007504       0x17 main/CMakeFiles/sendai_pico.dir/C_/Program_Files/Raspberry_Pi/Pico_SDK_v1.5.1/pico-sdk/src/rp2_common/hardware_irq/irq.c.obj
 *fill*         0x1000751b        0x1 
 .rodata.__func__.2
                0x1000751c       0x13 main/CMakeFiles/sendai_pico.dir/C_/Program_Files/Raspberry_Pi/Pico_SDK_v1.5.1/pico-sdk/src/rp2_common/hardware_irq/irq.c.obj
 *fill*         0x1000752f        0x1 
 .rodata.__func__.3
                0x10007530        0xc main/CMakeFiles/sendai_pico.dir/C_/Program_Files/Raspberry_Pi/Pico_SDK_v1.5.1/pico-sdk/src/rp2_common/hardware_irq/irq.c.obj
 .rodata.__func__.4
                0x1000753c        0xf main/CMakeFiles/sendai_pico.dir/C_/Program_Files/Raspberry_Pi/Pico_SDK_v1.5.1/pico-sdk/src/rp2_common/hardware_irq/irq.c.obj
 *fill*         0x1000754b        0x1 
 .rodata.__func__.5
                0x1000754c       0x17 main/CMakeFiles/sendai_pico.dir/C_/Program_Files/Raspberry_Pi/Pico_SDK_v1.5.1/pico-sdk/src/rp2_common/hardware_irq/irq.c.obj
 *fill*         0x10007563        0x1 
 .rodata.__func__.6
                0x10007564       0x1a main/CMakeFiles/sendai_pico.dir/C_/Program_Files/Raspberry_Pi/Pico_SDK_v1.5.1/pico-sdk/src/rp2_common/hardware_irq/irq.c.obj
 *fill*         0x1000757e        0x2 
 .rodata.str1.4
                0x10007580      0x125 main/CMakeFiles/sendai_pico.dir/C_/Program_Files/Raspberry_Pi/Pico_SDK_v1.5.1/pico-sdk/src/common/pico_sync/mutex.c.obj
 *fill*         0x100076a5        0x3 
 .rodata.__func__.1
                0x100076a8        0xb main/CMakeFiles/sendai_pico.dir/C_/Program_Files/Raspberry_Pi/Pico_SDK_v1.5.1/pico-sdk/src/common/pico_sync/mutex.c.obj
 *fill*         0x100076b3        0x1 
 .rodata.__func__.3
                0x100076b4       0x18 main/CMakeFiles/sendai_pico.dir/C_/Program_Files/Raspberry_Pi/Pico_SDK_v1.5.1/pico-sdk/src/common/pico_sync/mutex.c.obj
 .rodata.__func__.4
                0x100076cc       0x15 main/CMakeFiles/sendai_pico.dir/C_/Program_Files/Raspberry_Pi/Pico_SDK_v1.5.1/pico-sdk/src/common/pico_sync/mutex.c.obj
 *fill*         0x100076e1        0x3 
 .rodata.repeating_timer_callback.str1.4
                0x100076e4       0x67 main/CMakeFiles/sendai_pico.dir/C_/Program_Files/Raspberry_Pi/Pico_SDK_v1.5.1/pico-sdk/src/common/pico_time/time.c.obj
 *fill*         0x1000774b        0x1 
 .rodata.timer_pool_entry_comparator.str1.4
                0x1000774c       0x22 main/CMakeFiles/sendai_pico.dir/C_/Program_Files/Raspberry_Pi/Pico_SDK_v1.5.1/pico-sdk/src/common/pico_time/time.c.obj
 *fill*         0x1000776e        0x2 
 .rodata.ph_add_child_node.str1.4
                0x10007770       0xb2 main/CMakeFiles/sendai_pico.dir/C_/Program_Files/Raspberry_Pi/Pico_SDK_v1.5.1/pico-sdk/src/common/pico_time/time.c.obj
 *fill*         0x10007822        0x2 
 .rodata.add_alarm_under_lock.str1.4
                0x10007824       0x28 main/CMakeFiles/sendai_pico.dir/C_/Program_Files/Raspberry_Pi/Pico_SDK_v1.5.1/pico-sdk/src/common/pico_time/time.c.obj
                                 0x2b (size before relaxing)
 .rodata.alarm_pool_alarm_callback.str1.4
                0x1000784c       0x98 main/CMakeFiles/sendai_pico.dir/C_/Program_Files/Raspberry_Pi/Pico_SDK_v1.5.1/pico-sdk/src/common/pico_time/time.c.obj
                                0x118 (size before relaxing)
 .rodata.alarm_pool_get_default.str1.4
                0x100078e4       0x21 main/CMakeFiles/sendai_pico.dir/C_/Program_Files/Raspberry_Pi/Pico_SDK_v1.5.1/pico-sdk/src/common/pico_time/time.c.obj
 *fill*         0x10007905        0x3 
 .rodata.alarm_pool_cancel_alarm.str1.4
                0x10007908       0x27 main/CMakeFiles/sendai_pico.dir/C_/Program_Files/Raspberry_Pi/Pico_SDK_v1.5.1/pico-sdk/src/common/pico_time/time.c.obj
 *fill*         0x1000792f        0x1 
 .rodata.sleep_until.str1.4
                0x10007930       0x4d main/CMakeFiles/sendai_pico.dir/C_/Program_Files/Raspberry_Pi/Pico_SDK_v1.5.1/pico-sdk/src/common/pico_time/time.c.obj
 *fill*         0x1000797d        0x3 
 .rodata.__func__.1
                0x10007980       0x18 main/CMakeFiles/sendai_pico.dir/C_/Program_Files/Raspberry_Pi/Pico_SDK_v1.5.1/pico-sdk/src/common/pico_time/time.c.obj
 .rodata.__func__.10
                0x10007998       0x15 main/CMakeFiles/sendai_pico.dir/C_/Program_Files/Raspberry_Pi/Pico_SDK_v1.5.1/pico-sdk/src/common/pico_time/time.c.obj
 *fill*         0x100079ad        0x3 
 .rodata.__func__.11
                0x100079b0       0x1a main/CMakeFiles/sendai_pico.dir/C_/Program_Files/Raspberry_Pi/Pico_SDK_v1.5.1/pico-sdk/src/common/pico_time/time.c.obj
 *fill*         0x100079ca        0x2 
 .rodata.__func__.12
                0x100079cc        0xa main/CMakeFiles/sendai_pico.dir/C_/Program_Files/Raspberry_Pi/Pico_SDK_v1.5.1/pico-sdk/src/common/pico_time/time.c.obj
 *fill*         0x100079d6        0x2 
 .rodata.__func__.3
                0x100079d8       0x17 main/CMakeFiles/sendai_pico.dir/C_/Program_Files/Raspberry_Pi/Pico_SDK_v1.5.1/pico-sdk/src/common/pico_time/time.c.obj
 *fill*         0x100079ef        0x1 
 .rodata.__func__.4
                0x100079f0       0x12 main/CMakeFiles/sendai_pico.dir/C_/Program_Files/Raspberry_Pi/Pico_SDK_v1.5.1/pico-sdk/src/common/pico_time/time.c.obj
 *fill*         0x10007a02        0x2 
 .rodata.__func__.5
                0x10007a04        0xd main/CMakeFiles/sendai_pico.dir/C_/Program_Files/Raspberry_Pi/Pico_SDK_v1.5.1/pico-sdk/src/common/pico_time/time.c.obj
 *fill*         0x10007a11        0x3 
 .rodata.__func__.6
                0x10007a14       0x12 main/CMakeFiles/sendai_pico.dir/C_/Program_Files/Raspberry_Pi/Pico_SDK_v1.5.1/pico-sdk/src/common/pico_time/time.c.obj
 *fill*         0x10007a26        0x2 
 .rodata.__func__.7
                0x10007a28        0xf main/CMakeFiles/sendai_pico.dir/C_/Program_Files/Raspberry_Pi/Pico_SDK_v1.5.1/pico-sdk/src/common/pico_time/time.c.obj
 *fill*         0x10007a37        0x1 
 .rodata.__func__.8
                0x10007a38        0xc main/CMakeFiles/sendai_pico.dir/C_/Program_Files/Raspberry_Pi/Pico_SDK_v1.5.1/pico-sdk/src/common/pico_time/time.c.obj
 .rodata.__func__.9
                0x10007a44       0x15 main/CMakeFiles/sendai_pico.dir/C_/Program_Files/Raspberry_Pi/Pico_SDK_v1.5.1/pico-sdk/src/common/pico_time/time.c.obj
 *fill*         0x10007a59        0x3 
 .rodata.hardware_alarm_claim.str1.4
                0x10007a5c       0x22 main/CMakeFiles/sendai_pico.dir/C_/Program_Files/Raspberry_Pi/Pico_SDK_v1.5.1/pico-sdk/src/rp2_common/hardware_timer/timer.c.obj
 *fill*         0x10007a7e        0x2 
 .rodata.hardware_alarm_set_target.str1.4
                0x10007a80       0x81 main/CMakeFiles/sendai_pico.dir/C_/Program_Files/Raspberry_Pi/Pico_SDK_v1.5.1/pico-sdk/src/rp2_common/hardware_timer/timer.c.obj
 *fill*         0x10007b01        0x3 
 .rodata.__func__.0
                0x10007b04       0x1a main/CMakeFiles/sendai_pico.dir/C_/Program_Files/Raspberry_Pi/Pico_SDK_v1.5.1/pico-sdk/src/rp2_common/hardware_timer/timer.c.obj
 .rodata.ph_add_child_node.str1.4
                0x10007b1e       0xb2 main/CMakeFiles/sendai_pico.dir/C_/Program_Files/Raspberry_Pi/Pico_SDK_v1.5.1/pico-sdk/src/common/pico_util/pheap.c.obj
 *fill*         0x10007b1e        0x2 
 .rodata.ph_remove_any_head.str1.4
                0x10007b20       0xa8 main/CMakeFiles/sendai_pico.dir/C_/Program_Files/Raspberry_Pi/Pico_SDK_v1.5.1/pico-sdk/src/common/pico_util/pheap.c.obj
                                 0xbc (size before relaxing)
 .rodata.ph_remove_and_free_node.str1.4
                0x10007bc8       0x1e main/CMakeFiles/sendai_pico.dir/C_/Program_Files/Raspberry_Pi/Pico_SDK_v1.5.1/pico-sdk/src/common/pico_util/pheap.c.obj
                                 0x26 (size before relaxing)
 *fill*         0x10007be6        0x2 
 .rodata.__func__.0
                0x10007be8       0x18 main/CMakeFiles/sendai_pico.dir/C_/Program_Files/Raspberry_Pi/Pico_SDK_v1.5.1/pico-sdk/src/common/pico_util/pheap.c.obj
 .rodata.__func__.1
                0x10007c00       0x13 main/CMakeFiles/sendai_pico.dir/C_/Program_Files/Raspberry_Pi/Pico_SDK_v1.5.1/pico-sdk/src/common/pico_util/pheap.c.obj
 *fill*         0x10007c13        0x1 
 .rodata.__func__.2
                0x10007c14       0x12 main/CMakeFiles/sendai_pico.dir/C_/Program_Files/Raspberry_Pi/Pico_SDK_v1.5.1/pico-sdk/src/common/pico_util/pheap.c.obj
 *fill*         0x10007c26        0x2 
 .rodata.__func__.3
                0x10007c28        0xc main/CMakeFiles/sendai_pico.dir/C_/Program_Files/Raspberry_Pi/Pico_SDK_v1.5.1/pico-sdk/src/common/pico_util/pheap.c.obj
 .rodata.clock_configure.str1.4
                0x10007c34       0x73 main/CMakeFiles/sendai_pico.dir/C_/Program_Files/Raspberry_Pi/Pico_SDK_v1.5.1/pico-sdk/src/rp2_common/hardware_clocks/clocks.c.obj
 *fill*         0x10007ca7        0x1 
 .rodata.__func__.1
                0x10007ca8       0x10 main/CMakeFiles/sendai_pico.dir/C_/Program_Files/Raspberry_Pi/Pico_SDK_v1.5.1/pico-sdk/src/rp2_common/hardware_clocks/clocks.c.obj
 .rodata.pll_init.str1.4
                0x10007cb8      0x140 main/CMakeFiles/sendai_pico.dir/C_/Program_Files/Raspberry_Pi/Pico_SDK_v1.5.1/pico-sdk/src/rp2_common/hardware_pll/pll.c.obj
 .rodata.__func__.0
                0x10007df8        0x9 main/CMakeFiles/sendai_pico.dir/C_/Program_Files/Raspberry_Pi/Pico_SDK_v1.5.1/pico-sdk/src/rp2_common/hardware_pll/pll.c.obj
 *fill*         0x10007e01        0x3 
 .rodata.__assert_func.str1.4
                0x10007e04       0x3f main/CMakeFiles/sendai_pico.dir/C_/Program_Files/Raspberry_Pi/Pico_SDK_v1.5.1/pico-sdk/src/rp2_common/pico_runtime/runtime.c.obj
                                 0x43 (size before relaxing)
 *fill*         0x10007e43        0x1 
 .rodata.runtime_init.str1.4
                0x10007e44       0x7d main/CMakeFiles/sendai_pico.dir/C_/Program_Files/Raspberry_Pi/Pico_SDK_v1.5.1/pico-sdk/src/rp2_common/pico_runtime/runtime.c.obj
 *fill*         0x10007ec1        0x3 
 .rodata.panic.str1.4
                0x10007ec4       0x12 main/CMakeFiles/sendai_pico.dir/C_/Program_Files/Raspberry_Pi/Pico_SDK_v1.5.1/pico-sdk/src/rp2_common/pico_runtime/runtime.c.obj
 *fill*         0x10007ed6        0x2 
 .rodata.__func__.2
                0x10007ed8        0xd main/CMakeFiles/sendai_pico.dir/C_/Program_Files/Raspberry_Pi/Pico_SDK_v1.5.1/pico-sdk/src/rp2_common/pico_runtime/runtime.c.obj
 *fill*         0x10007ee5        0x3 
 .rodata._ftoa.str1.4
                0x10007ee8       0x15 main/CMakeFiles/sendai_pico.dir/C_/Program_Files/Raspberry_Pi/Pico_SDK_v1.5.1/pico-sdk/src/rp2_common/pico_printf/printf.c.obj
 *fill*         0x10007efd        0x3 
 .rodata._vsnprintf
                0x10007f00      0x1e0 main/CMakeFiles/sendai_pico.dir/C_/Program_Files/Raspberry_Pi/Pico_SDK_v1.5.1/pico-sdk/src/rp2_common/pico_printf/printf.c.obj
 .rodata.pow10.0
                0x100080e0       0x50 main/CMakeFiles/sendai_pico.dir/C_/Program_Files/Raspberry_Pi/Pico_SDK_v1.5.1/pico-sdk/src/rp2_common/pico_printf/printf.c.obj
 .rodata.__aeabi_double_init.str1.4
                0x10008130       0xb8 main/CMakeFiles/sendai_pico.dir/C_/Program_Files/Raspberry_Pi/Pico_SDK_v1.5.1/pico-sdk/src/rp2_common/pico_double/double_init_rom.c.obj
 .rodata.__func__.0
                0x100081e8       0x14 main/CMakeFiles/sendai_pico.dir/C_/Program_Files/Raspberry_Pi/Pico_SDK_v1.5.1/pico-sdk/src/rp2_common/pico_double/double_init_rom.c.obj
 .rodata.__aeabi_float_init.str1.4
                0x100081fc       0x96 main/CMakeFiles/sendai_pico.dir/C_/Program_Files/Raspberry_Pi/Pico_SDK_v1.5.1/pico-sdk/src/rp2_common/pico_float/float_init_rom.c.obj
                                 0x9a (size before relaxing)
 *fill*         0x10008292        0x2 
 .rodata.__func__.0
                0x10008294       0x13 main/CMakeFiles/sendai_pico.dir/C_/Program_Files/Raspberry_Pi/Pico_SDK_v1.5.1/pico-sdk/src/rp2_common/pico_float/float_init_rom.c.obj
 *fill*         0x100082a7        0x1 
 .rodata.str1.4
                0x100082a8       0x40 main/CMakeFiles/sendai_pico.dir/C_/Program_Files/Raspberry_Pi/Pico_SDK_v1.5.1/pico-sdk/src/rp2_common/pico_standard_link/binary_info.c.obj
 .rodata.__bi_44
                0x100082e8        0xc main/CMakeFiles/sendai_pico.dir/C_/Program_Files/Raspberry_Pi/Pico_SDK_v1.5.1/pico-sdk/src/rp2_common/pico_standard_link/binary_info.c.obj
 .rodata.__bi_75
                0x100082f4        0xc main/CMakeFiles/sendai_pico.dir/C_/Program_Files/Raspberry_Pi/Pico_SDK_v1.5.1/pico-sdk/src/rp2_common/pico_standard_link/binary_info.c.obj
 .rodata.__bi_81
                0x10008300        0xc main/CMakeFiles/sendai_pico.dir/C_/Program_Files/Raspberry_Pi/Pico_SDK_v1.5.1/pico-sdk/src/rp2_common/pico_standard_link/binary_info.c.obj
 .rodata.stdout_serialize_begin.str1.4
                0x1000830c       0x7d main/CMakeFiles/sendai_pico.dir/C_/Program_Files/Raspberry_Pi/Pico_SDK_v1.5.1/pico-sdk/src/rp2_common/pico_stdio/stdio.c.obj
 .rodata.__func__.3
                0x1000830c       0x15 main/CMakeFiles/sendai_pico.dir/C_/Program_Files/Raspberry_Pi/Pico_SDK_v1.5.1/pico-sdk/src/rp2_common/pico_stdio/stdio.c.obj
 *fill*         0x10008321        0x3 
 .rodata.crlf_str.2
                0x10008324        0x2 main/CMakeFiles/sendai_pico.dir/C_/Program_Files/Raspberry_Pi/Pico_SDK_v1.5.1/pico-sdk/src/rp2_common/pico_stdio/stdio.c.obj
 *fill*         0x10008326        0x2 
 .rodata._resetd_driver
                0x10008328       0x18 main/CMakeFiles/sendai_pico.dir/C_/Program_Files/Raspberry_Pi/Pico_SDK_v1.5.1/pico-sdk/src/rp2_common/pico_stdio_usb/reset_interface.c.obj
 .rodata.low_priority_worker_irq.str1.4
                0x10008340       0x7d main/CMakeFiles/sendai_pico.dir/C_/Program_Files/Raspberry_Pi/Pico_SDK_v1.5.1/pico-sdk/src/rp2_common/pico_stdio_usb/stdio_usb.c.obj
 .rodata.stdio_usb_init.str1.4
                0x10008340       0x61 main/CMakeFiles/sendai_pico.dir/C_/Program_Files/Raspberry_Pi/Pico_SDK_v1.5.1/pico-sdk/src/rp2_common/pico_stdio_usb/stdio_usb.c.obj
                                 0x69 (size before relaxing)
 *fill*         0x100083a1        0x3 
 .rodata.str1.4
                0x100083a4       0x13 main/CMakeFiles/sendai_pico.dir/C_/Program_Files/Raspberry_Pi/Pico_SDK_v1.5.1/pico-sdk/src/rp2_common/pico_stdio_usb/stdio_usb.c.obj
 *fill*         0x100083b7        0x1 
 .rodata.__bi_182.0
                0x100083b8        0xc main/CMakeFiles/sendai_pico.dir/C_/Program_Files/Raspberry_Pi/Pico_SDK_v1.5.1/pico-sdk/src/rp2_common/pico_stdio_usb/stdio_usb.c.obj
 .rodata.__func__.1
                0x100083c4        0xf main/CMakeFiles/sendai_pico.dir/C_/Program_Files/Raspberry_Pi/Pico_SDK_v1.5.1/pico-sdk/src/rp2_common/pico_stdio_usb/stdio_usb.c.obj
 *fill*         0x100083d3        0x1 
 .rodata.__func__.3
                0x100083d4       0x15 main/CMakeFiles/sendai_pico.dir/C_/Program_Files/Raspberry_Pi/Pico_SDK_v1.5.1/pico-sdk/src/rp2_common/pico_stdio_usb/stdio_usb.c.obj
 *fill*         0x100083e9        0x3 
 .rodata.str1.4
                0x100083ec       0x2a main/CMakeFiles/sendai_pico.dir/C_/Program_Files/Raspberry_Pi/Pico_SDK_v1.5.1/pico-sdk/src/rp2_common/pico_stdio_usb/stdio_usb_descriptors.c.obj
 *fill*         0x10008416        0x2 
 .rodata.usbd_desc_cfg
                0x10008418       0x54 main/CMakeFiles/sendai_pico.dir/C_/Program_Files/Raspberry_Pi/Pico_SDK_v1.5.1/pico-sdk/src/rp2_common/pico_stdio_usb/stdio_usb_descriptors.c.obj
 .rodata.usbd_desc_device
                0x1000846c       0x12 main/CMakeFiles/sendai_pico.dir/C_/Program_Files/Raspberry_Pi/Pico_SDK_v1.5.1/pico-sdk/src/rp2_common/pico_stdio_usb/stdio_usb_descriptors.c.obj
 *fill*         0x1000847e        0x2 
 .rodata.usbd_desc_str
                0x10008480       0x18 main/CMakeFiles/sendai_pico.dir/C_/Program_Files/Raspberry_Pi/Pico_SDK_v1.5.1/pico-sdk/src/rp2_common/pico_stdio_usb/stdio_usb_descriptors.c.obj
 .rodata.pico_get_unique_board_id_string.str1.4
                0x10008498       0x69 main/CMakeFiles/sendai_pico.dir/C_/Program_Files/Raspberry_Pi/Pico_SDK_v1.5.1/pico-sdk/src/rp2_common/pico_unique_id/unique_id.c.obj
 *fill*         0x10008501        0x3 
 .rodata.__func__.0
                0x10008504       0x20 main/CMakeFiles/sendai_pico.dir/C_/Program_Files/Raspberry_Pi/Pico_SDK_v1.5.1/pico-sdk/src/rp2_common/pico_unique_id/unique_id.c.obj
 .rodata.str1.4
                0x10008524      0x176 main/CMakeFiles/sendai_pico.dir/C_/Program_Files/Raspberry_Pi/Pico_SDK_v1.5.1/pico-sdk/src/rp2_common/hardware_flash/flash.c.obj
 *fill*         0x1000869a        0x2 
 .rodata.__func__.0
                0x1000869c        0xd main/CMakeFiles/sendai_pico.dir/C_/Program_Files/Raspberry_Pi/Pico_SDK_v1.5.1/pico-sdk/src/rp2_common/hardware_flash/flash.c.obj
 *fill*         0x100086a9        0x3 
 .rodata._hw_endpoint_alloc.str1.4
                0x100086ac       0xd1 main/CMakeFiles/sendai_pico.dir/C_/Program_Files/Raspberry_Pi/Pico_SDK_v1.5.1/pico-sdk/lib/tinyusb/src/portable/raspberrypi/rp2040/dcd_rp2040.c.obj
 *fill*         0x1000877d        0x3 
 .rodata.str1.4
                0x10008780       0x14 main/CMakeFiles/sendai_pico.dir/C_/Program_Files/Raspberry_Pi/Pico_SDK_v1.5.1/pico-sdk/lib/tinyusb/src/portable/raspberrypi/rp2040/dcd_rp2040.c.obj
 .rodata.dcd_int_enable.str1.4
                0x10008794        0xc main/CMakeFiles/sendai_pico.dir/C_/Program_Files/Raspberry_Pi/Pico_SDK_v1.5.1/pico-sdk/lib/tinyusb/src/portable/raspberrypi/rp2040/dcd_rp2040.c.obj
 .rodata.__func__.0
                0x100087a0        0xe main/CMakeFiles/sendai_pico.dir/C_/Program_Files/Raspberry_Pi/Pico_SDK_v1.5.1/pico-sdk/lib/tinyusb/src/portable/raspberrypi/rp2040/dcd_rp2040.c.obj
 *fill*         0x100087ae        0x2 
 .rodata.__func__.1
                0x100087b0        0xe main/CMakeFiles/sendai_pico.dir/C_/Program_Files/Raspberry_Pi/Pico_SDK_v1.5.1/pico-sdk/lib/tinyusb/src/portable/raspberrypi/rp2040/dcd_rp2040.c.obj
 *fill*         0x100087be        0x2 
 .rodata.__func__.3
                0x100087c0       0x10 main/CMakeFiles/sendai_pico.dir/C_/Program_Files/Raspberry_Pi/Pico_SDK_v1.5.1/pico-sdk/lib/tinyusb/src/portable/raspberrypi/rp2040/dcd_rp2040.c.obj
 .rodata.__func__.5
                0x100087d0        0xf main/CMakeFiles/sendai_pico.dir/C_/Program_Files/Raspberry_Pi/Pico_SDK_v1.5.1/pico-sdk/lib/tinyusb/src/portable/raspberrypi/rp2040/dcd_rp2040.c.obj
 *fill*         0x100087df        0x1 
 .rodata.__func__.6
                0x100087e0       0x13 main/CMakeFiles/sendai_pico.dir/C_/Program_Files/Raspberry_Pi/Pico_SDK_v1.5.1/pico-sdk/lib/tinyusb/src/portable/raspberrypi/rp2040/dcd_rp2040.c.obj
 *fill*         0x100087f3        0x1 
 .rodata.__func__.7
                0x100087f4        0x9 main/CMakeFiles/sendai_pico.dir/C_/Program_Files/Raspberry_Pi/Pico_SDK_v1.5.1/pico-sdk/lib/tinyusb/src/portable/raspberrypi/rp2040/dcd_rp2040.c.obj
 *fill*         0x100087fd        0x3 
 .rodata.str1.4
                0x10008800      0x103 main/CMakeFiles/sendai_pico.dir/C_/Program_Files/Raspberry_Pi/Pico_SDK_v1.5.1/pico-sdk/lib/tinyusb/src/portable/raspberrypi/rp2040/rp2040_usb.c.obj
 *fill*         0x10008903        0x1 
 .rodata.__func__.0
                0x10008904        0xf main/CMakeFiles/sendai_pico.dir/C_/Program_Files/Raspberry_Pi/Pico_SDK_v1.5.1/pico-sdk/lib/tinyusb/src/portable/raspberrypi/rp2040/rp2040_usb.c.obj
 *fill*         0x10008913        0x1 
 .rodata.process_get_descriptor
                0x10008914       0x40 main/CMakeFiles/sendai_pico.dir/C_/Program_Files/Raspberry_Pi/Pico_SDK_v1.5.1/pico-sdk/lib/tinyusb/src/device/usbd.c.obj
 .rodata.process_control_request
                0x10008954       0x28 main/CMakeFiles/sendai_pico.dir/C_/Program_Files/Raspberry_Pi/Pico_SDK_v1.5.1/pico-sdk/lib/tinyusb/src/device/usbd.c.obj
 .rodata.tud_task_ext
                0x1000897c       0x24 main/CMakeFiles/sendai_pico.dir/C_/Program_Files/Raspberry_Pi/Pico_SDK_v1.5.1/pico-sdk/lib/tinyusb/src/device/usbd.c.obj
 .rodata._usbd_driver
                0x100089a0       0x18 main/CMakeFiles/sendai_pico.dir/C_/Program_Files/Raspberry_Pi/Pico_SDK_v1.5.1/pico-sdk/lib/tinyusb/src/device/usbd.c.obj
 .rodata._pio_find_offset_for_program.str1.4
                0x100089b8       0x85 main/CMakeFiles/sendai_pico.dir/C_/Program_Files/Raspberry_Pi/Pico_SDK_v1.5.1/pico-sdk/src/rp2_common/hardware_pio/pio.c.obj
 *fill*         0x10008a3d        0x3 
 .rodata._pio_add_program_at_offset.str1.4
                0x10008a40       0x11 main/CMakeFiles/sendai_pico.dir/C_/Program_Files/Raspberry_Pi/Pico_SDK_v1.5.1/pico-sdk/src/rp2_common/hardware_pio/pio.c.obj
 *fill*         0x10008a51        0x3 
 .rodata.__func__.1
                0x10008a54       0x1d main/CMakeFiles/sendai_pico.dir/C_/Program_Files/Raspberry_Pi/Pico_SDK_v1.5.1/pico-sdk/src/rp2_common/hardware_pio/pio.c.obj
                0x10008a74                . = ALIGN (0x4)
 *fill*         0x10008a71        0x3 
 *(SORT_BY_ALIGNMENT(SORT_BY_NAME(.flashdata*)))
                0x10008a74                . = ALIGN (0x4)

.ARM.extab
 *(.ARM.extab* .gnu.linkonce.armextab.*)
                0x10008a74                __exidx_start = .

.ARM.exidx
 *(.ARM.exidx* .gnu.linkonce.armexidx.*)
                0x10008a74                __exidx_end = .
                0x10008a74                . = ALIGN (0x4)
                0x10008a74                __binary_info_start = .

.binary_info    0x10008a74       0x20
 *(.binary_info.keep.*)
 .binary_info.keep.__bi_ptr22
                0x10008a74        0x4 main/CMakeFiles/sendai_pico.dir/C_/Program_Files/Raspberry_Pi/Pico_SDK_v1.5.1/pico-sdk/src/rp2_common/pico_standard_link/binary_info.c.obj
 .binary_info.keep.__bi_ptr30
                0x10008a78        0x4 main/CMakeFiles/sendai_pico.dir/C_/Program_Files/Raspberry_Pi/Pico_SDK_v1.5.1/pico-sdk/src/rp2_common/pico_standard_link/binary_info.c.obj
 .binary_info.keep.__bi_ptr38
                0x10008a7c        0x4 main/CMakeFiles/sendai_pico.dir/C_/Program_Files/Raspberry_Pi/Pico_SDK_v1.5.1/pico-sdk/src/rp2_common/pico_standard_link/binary_info.c.obj
 .binary_info.keep.__bi_ptr44
                0x10008a80        0x4 main/CMakeFiles/sendai_pico.dir/C_/Program_Files/Raspberry_Pi/Pico_SDK_v1.5.1/pico-sdk/src/rp2_common/pico_standard_link/binary_info.c.obj
 .binary_info.keep.__bi_ptr50
                0x10008a84        0x4 main/CMakeFiles/sendai_pico.dir/C_/Program_Files/Raspberry_Pi/Pico_SDK_v1.5.1/pico-sdk/src/rp2_common/pico_standard_link/binary_info.c.obj
 .binary_info.keep.__bi_ptr75
                0x10008a88        0x4 main/CMakeFiles/sendai_pico.dir/C_/Program_Files/Raspberry_Pi/Pico_SDK_v1.5.1/pico-sdk/src/rp2_common/pico_standard_link/binary_info.c.obj
 .binary_info.keep.__bi_ptr81
                0x10008a8c        0x4 main/CMakeFiles/sendai_pico.dir/C_/Program_Files/Raspberry_Pi/Pico_SDK_v1.5.1/pico-sdk/src/rp2_common/pico_standard_link/binary_info.c.obj
 *(.binary_info.*)
 .binary_info.__bi_ptr182
                0x10008a90        0x4 main/CMakeFiles/sendai_pico.dir/C_/Program_Files/Raspberry_Pi/Pico_SDK_v1.5.1/pico-sdk/src/rp2_common/pico_stdio_usb/stdio_usb.c.obj
                0x10008a94                __binary_info_end = .

.rel.dyn        0x10008a94        0x0
 .rel.iplt      0x10008a94        0x0 c:/progra~1/raspbe~1/picosd~1.1/gcc-ar~1/bin/../lib/gcc/arm-none-eabi/10.3.1/thumb/v6-m/nofp/crtbegin.o
                0x10008a94                . = ALIGN (0x4)

.ram_vector_table
                0x20000000       0xc0
 *(.ram_vector_table)
 .ram_vector_table
                0x20000000       0xc0 main/CMakeFiles/sendai_pico.dir/C_/Program_Files/Raspberry_Pi/Pico_SDK_v1.5.1/pico-sdk/src/rp2_common/pico_runtime/runtime.c.obj
                0x20000000                ram_vector_table

.data           0x200000c0      0xbf0 load address 0x10008a94
                0x200000c0                __data_start__ = .
 *(vtable)
 *(.time_critical*)
 .time_critical.mutex_try_enter
                0x200000c0       0x46 main/CMakeFiles/sendai_pico.dir/C_/Program_Files/Raspberry_Pi/Pico_SDK_v1.5.1/pico-sdk/src/common/pico_sync/mutex.c.obj
                0x200000c0                mutex_try_enter
 *fill*         0x20000106        0x2 
 .time_critical.mutex_enter_block_until
                0x20000108       0x8c main/CMakeFiles/sendai_pico.dir/C_/Program_Files/Raspberry_Pi/Pico_SDK_v1.5.1/pico-sdk/src/common/pico_sync/mutex.c.obj
                0x20000108                mutex_enter_block_until
 .time_critical.mutex_try_enter_block_until
                0x20000194       0x34 main/CMakeFiles/sendai_pico.dir/C_/Program_Files/Raspberry_Pi/Pico_SDK_v1.5.1/pico-sdk/src/common/pico_sync/mutex.c.obj
                0x20000194                mutex_try_enter_block_until
 .time_critical.mutex_enter_timeout_ms
                0x200001c8       0x68 main/CMakeFiles/sendai_pico.dir/C_/Program_Files/Raspberry_Pi/Pico_SDK_v1.5.1/pico-sdk/src/common/pico_sync/mutex.c.obj
                0x200001c8                mutex_enter_timeout_ms
 .time_critical.mutex_exit
                0x20000230       0x4c main/CMakeFiles/sendai_pico.dir/C_/Program_Files/Raspberry_Pi/Pico_SDK_v1.5.1/pico-sdk/src/common/pico_sync/mutex.c.obj